******************************************************************************
                  MSP430 Linker PC v18.1.5                     
******************************************************************************
>> Linked Wed Jul  3 14:34:14 2019

OUTPUT FILE NAME:   <smart_plug_i2040s.out>
ENTRY POINT SYMBOL: "_c_int00_noargs"  address: 0000a778


MEMORY CONFIGURATION

         name            origin    length      used     unused   attr    fill
----------------------  --------  ---------  --------  --------  ----  --------
  SFR                   00000000   00000010  00000000  00000010  RWIX
  PERIPHERALS_8BIT      00000010   000000f0  00000000  000000f0  RWIX
  PERIPHERALS_16BIT     00000100   00000100  00000000  00000100  RWIX
  RAM                   00000200   00000800  000003cb  00000435  RWIX
  INFOA                 00001000   00000400  00000000  00000400  RWIX
  FLASH                 00008000   00007fdc  00002a2e  000055ae  RWIX
  JTAGSIGNATURE         0000ffdc   00000004  00000004  00000000  RWIX  ffff 
  INT00                 0000ffe0   00000002  00000000  00000002  RWIX
  INT01                 0000ffe2   00000002  00000002  00000000  RWIX
  INT02                 0000ffe4   00000002  00000000  00000002  RWIX
  INT03                 0000ffe6   00000002  00000000  00000002  RWIX
  INT04                 0000ffe8   00000002  00000002  00000000  RWIX
  INT05                 0000ffea   00000002  00000002  00000000  RWIX
  INT06                 0000ffec   00000002  00000002  00000000  RWIX
  INT07                 0000ffee   00000002  00000002  00000000  RWIX
  INT08                 0000fff0   00000002  00000002  00000000  RWIX
  INT09                 0000fff2   00000002  00000002  00000000  RWIX
  INT10                 0000fff4   00000002  00000002  00000000  RWIX
  INT11                 0000fff6   00000002  00000002  00000000  RWIX
  INT12                 0000fff8   00000002  00000002  00000000  RWIX
  INT13                 0000fffa   00000002  00000002  00000000  RWIX
  INT14                 0000fffc   00000002  00000002  00000000  RWIX
  RESET                 0000fffe   00000002  00000002  00000000  RWIX


SECTION ALLOCATION MAP

 output                                  attributes/
section   page    origin      length       input sections
--------  ----  ----------  ----------   ----------------
.bss       0    00000200    00000305     UNINITIALIZED
                  00000200    0000012c     (.common:iSample)
                  0000032c    0000012c     (.common:vSample)
                  00000458    00000016     epower.obj (.bss)
                  0000046e    00000014     app.obj (.bss:reply$3)
                  00000482    00000010     (.common:uartCfg)
                  00000492    0000000c     (.common:EPOWER_tmp)
                  0000049e    0000000c     (.common:sysEPowerInfo)
                  000004aa    0000000c     (.common:sysEPowerInfoTmp)
                  000004b6    0000000a     (.common:serialRxBuffer)
                  000004c0    0000000a     (.common:sysLogInfo)
                  000004ca    00000004     (.common:currentRms)
                  000004ce    00000004     (.common:powerActive)
                  000004d2    00000004     (.common:powerApperent)
                  000004d6    00000004     (.common:powerFactor)
                  000004da    00000004     (.common:powerFreq)
                  000004de    00000004     (.common:voltRms)
                  000004e2    00000002     (.common:backGroundStatus)
                  000004e4    00000002     (.common:i2cCount)
                  000004e6    00000002     (.common:i2cIndex)
                  000004e8    00000002     (.common:i2cRxBuffer)
                  000004ea    00000002     (.common:i2cTxBuffer)
                  000004ec    00000002     (.common:iZeroPoint1)
                  000004ee    00000002     (.common:iZeroPoint2)
                  000004f0    00000002     (.common:rtcStatus)
                  000004f2    00000002     (.common:sd24SampleIndex)
                  000004f4    00000002     (.common:serialRxCount)
                  000004f6    00000002     (.common:serialRxIndex)
                  000004f8    00000002     (.common:serialRxStatus)
                  000004fa    00000002     (.common:serialTxBuffer)
                  000004fc    00000002     (.common:serialTxCount)
                  000004fe    00000002     (.common:serialTxIndex)
                  00000500    00000002     (.common:vZeroPoint1)
                  00000502    00000002     (.common:vZeroPoint2)
                  00000504    00000001     app.obj (.bss)

.data      0    00000506    00000076     UNINITIALIZED
                  00000506    00000020     app.obj (.data:sysSchedule)
                  00000526    00000016     app.obj (.data)
                  0000053c    0000000c     epower.obj (.data:sd24Cfg)
                  00000548    0000000c     app.obj (.data:yearDays$5)
                  00000554    00000008     app.obj (.data:appVersionStr)
                  0000055c    00000008     app.obj (.data:passwd)
                  00000564    00000007     app.obj (.data:sysNextTime)
                  0000056b    00000007     app.obj (.data:sysTime)
                  00000572    00000007     app.obj (.data:sysTimeTmp)
                  00000579    00000001     --HOLE--
                  0000057a    00000002     rts430_eabi.lib : errno.c.obj (.data)

.stack     0    000009b0    00000050     UNINITIALIZED
                  000009b0    00000002     rts430_eabi.lib : boot.c.obj (.stack)
                  000009b2    0000004e     --HOLE--

.text      0    00008000    000029c6     
                  00008000    0000055e     app.obj (.text:serialService)
                  0000855e    000004aa     epower.obj (.text:EPOWER_calc)
                  00008a08    00000286     rts430_eabi.lib : frcmpyd.c.obj (.text:__TI_frcmpyd)
                  00008c8e    0000026e                     : mpyd.c.obj (.text:__mspabi_mpyd)
                  00008efc    00000226     app.obj (.text:rtcService)
                  00009122    00000200     app.obj (.text:softwareRTCPlus1sec)
                  00009322    00000170     epower.obj (.text:SD24_ISR)
                  00009492    00000162     app.obj (.text:sysInit)
                  000095f4    0000013c     rts430_eabi.lib : e_sqrtf.c.obj (.text:sqrtf)
                  00009730    00000132                     : fs_add.asm.obj (.text)
                  00009862    000000dc                     : cmpd.c.obj (.text:__mspabi_cmpd)
                  0000993e    000000d2     rtc.obj (.text:USCIB0_ISR)
                  00009a10    000000c4     rts430_eabi.lib : fs_mpy.asm.obj (.text)
                  00009ad4    000000c0     serial.obj (.text:EUSCI_A0_ISR)
                  00009b94    0000009e     app.obj (.text:main)
                  00009c32    0000009c     rts430_eabi.lib : fs_div.asm.obj (.text)
                  00009cce    00000096     eusci_a_uart.obj (.text:EUSCI_A_UART_init)
                  00009d64    0000008c     rts430_eabi.lib : cvtdf.c.obj (.text:__mspabi_cvtdf)
                  00009df0    00000088     epower.obj (.text:EPOWER_init)
                  00009e78    00000088     app.obj (.text:PORT1_ISR)
                  00009f00    00000086     low_level_init.obj (.text:_system_pre_init)
                  00009f86    0000007c     rts430_eabi.lib : copy_decompress_lzss.c.obj (.text:decompress:lzss:__TI_decompress_lzss)
                  0000a002    00000072                     : cvtfd.c.obj (.text:__mspabi_cvtfd)
                  0000a074    00000072     app.obj (.text:epowerService)
                  0000a0e6    0000005e     serial.obj (.text:SERIAL_init)
                  0000a144    0000005c     rts430_eabi.lib : lsr32.asm.obj (.text:l_lsr_const)
                  0000a1a0    00000058                     : div32u.asm.obj (.text)
                  0000a1f8    0000004c                     : lsr16.asm.obj (.text)
                  0000a244    0000004a                     : fs_cmp.asm.obj (.text)
                  0000a28e    0000004a                     : fs_ltof.asm.obj (.text)
                  0000a2d8    00000046     sd24.obj (.text:SD24_initConverterAdvanced)
                  0000a31e    00000046     rts430_eabi.lib : fs_tou.asm.obj (.text)
                  0000a364    00000042                     : autoinit.c.obj (.text:__TI_auto_init_nobinit_nopinit:__TI_auto_init_nobinit_nopinit)
                  0000a3a6    00000040     gpio.obj (.text:GPIO_setAsPeripheralModuleFunctionInputPin)
                  0000a3e6    0000003e     rts430_eabi.lib : asr32.asm.obj (.text:l_asr_const)
                  0000a424    0000003e                     : lsl32.asm.obj (.text:l_lsl_const)
                  0000a462    00000036     flashctl.obj (.text:FlashCtl_setupClock)
                  0000a498    00000032     rts430_eabi.lib : fs_ultof.asm.obj (.text)
                  0000a4ca    0000002e     cs.obj (.text:CS_setupDCO)
                  0000a4f8    0000002e     flashctl.obj (.text:FlashCtl_write8)
                  0000a526    0000002e     rts430_eabi.lib : mult32_hw.asm.obj (.text)
                  0000a554    0000002c                     : asr16.asm.obj (.text)
                  0000a580    0000002c                     : div16s.asm.obj (.text)
                  0000a5ac    0000002c                     : lsl16.asm.obj (.text)
                  0000a5d8    00000028     cs.obj (.text:CS_initClockSignal)
                  0000a600    00000026     epower.obj (.text:EPOWER_startConversion)
                  0000a626    00000024     flashctl.obj (.text:FlashCtl_eraseSegment)
                  0000a64a    00000024     sd24.obj (.text:SD24_enableInterrupt)
                  0000a66e    00000024     sd24.obj (.text:SD24_init)
                  0000a692    00000024     app.obj (.text:WDT_ISR)
                  0000a6b6    00000024     rts430_eabi.lib : fs_utof.asm.obj (.text)
                  0000a6da    00000022     eusci_b_i2c.obj (.text:EUSCI_B_I2C_masterSendMultiByteStart)
                  0000a6fc    00000022     serial.obj (.text:SERIAL_send)
                  0000a71e    0000001e     gpio.obj (.text:GPIO_setAsInputPin)
                  0000a73c    0000001e     gpio.obj (.text:GPIO_setAsOutputPin)
                  0000a75a    0000001e     rtc.obj (.text:RTC_writeTimeToSlave)
                  0000a778    0000001c     rts430_eabi.lib : boot.c.obj (.text:_c_int00_noargs)
                  0000a794    0000001a     eusci_a_uart.obj (.text:EUSCI_A_UART_disableInterrupt)
                  0000a7ae    0000001a     eusci_a_uart.obj (.text:EUSCI_A_UART_enableInterrupt)
                  0000a7c8    0000001a     gpio.obj (.text:GPIO_getInputPinValue)
                  0000a7e2    0000001a     serial.obj (.text:SERIAL_startRx)
                  0000a7fc    00000016     gpio.obj (.text:GPIO_clearInterrupt)
                  0000a812    00000016     gpio.obj (.text:GPIO_setOutputHighOnPin)
                  0000a828    00000016     gpio.obj (.text:GPIO_setOutputLowOnPin)
                  0000a83e    00000016     gpio.obj (.text:GPIO_toggleOutputOnPin)
                  0000a854    00000016     wdt.obj (.text:WDT_hold)
                  0000a86a    00000016     rts430_eabi.lib : div16u.asm.obj (.text)
                  0000a880    00000014     eusci_b_i2c.obj (.text:EUSCI_B_I2C_masterSendMultiByteNext)
                  0000a894    00000014     rts430_eabi.lib : copy_zero_init.c.obj (.text:decompress:ZI:__TI_zero_init_nomemset:__TI_zero_init_nomemset)
                  0000a8a8    00000014                     : mult16_hw.asm.obj (.text)
                  0000a8bc    00000012     epower.obj (.text:EPOWER_getInfo)
                  0000a8ce    00000012     eusci_b_i2c.obj (.text:EUSCI_B_I2C_masterSendMultiByteStop)
                  0000a8e0    00000012     sd24.obj (.text:SD24_startConverterConversion)
                  0000a8f2    00000012     sd24.obj (.text:SD24_stopConverterConversion)
                  0000a904    00000012     wdt.obj (.text:WDT_resetTimer)
                  0000a916    00000012     wdt.obj (.text:WDT_start)
                  0000a928    00000012     rts430_eabi.lib : copy_decompress_none.c.obj (.text:decompress:none:__TI_decompress_none)
                  0000a93a    00000012                     : memcpy.c.obj (.text:memcpy)
                  0000a94c    00000010     wdt.obj (.text:WDT_initIntervalTimer)
                  0000a95c    00000010     rts430_eabi.lib : epilog.asm.obj (.text)
                  0000a96c    0000000c     eusci_b_i2c.obj (.text:EUSCI_B_I2C_masterReceiveStart)
                  0000a978    0000000a     app.obj (.text:PORT2_ISR)
                  0000a982    00000008     eusci_a_uart.obj (.text:EUSCI_A_UART_clearInterrupt)
                  0000a98a    00000008     eusci_b_i2c.obj (.text:EUSCI_B_I2C_masterReceiveMultiByteNext)
                  0000a992    00000008     rts430_eabi.lib : isr_trap.asm.obj (.text:_isr:__TI_ISR_TRAP)
                  0000a99a    00000006     eusci_a_uart.obj (.text:EUSCI_A_UART_enable)
                  0000a9a0    00000006     eusci_b_i2c.obj (.text:EUSCI_B_I2C_clearInterrupt)
                  0000a9a6    00000006     eusci_b_i2c.obj (.text:EUSCI_B_I2C_disableInterrupt)
                  0000a9ac    00000006     eusci_b_i2c.obj (.text:EUSCI_B_I2C_masterReceiveMultiByteStop)
                  0000a9b2    00000006     eusci_b_i2c.obj (.text:EUSCI_B_I2C_masterSendStart)
                  0000a9b8    00000006     sfr.obj (.text:SFR_enableInterrupt)
                  0000a9be    00000006     rts430_eabi.lib : exit.c.obj (.text:abort)
                  0000a9c4    00000002                     : startup.c.obj (.text:_system_post_cinit)

.const     0    0000a9c6    00000026     
                  0000a9c6    0000001c     gpio.obj (.const:GPIO_PORT_TO_BASE)
                  0000a9e2    0000000a     app.obj (.const:flashSegStart)

.cinit     0    0000a9ec    00000042     
                  0000a9ec    0000002f     (.cinit..data.load) [load image, compression = lzss]
                  0000aa1b    00000001     --HOLE-- [fill = 0]
                  0000aa1c    00000006     (__TI_handler_table)
                  0000aa22    00000004     (.cinit..bss.load) [load image, compression = zero_init]
                  0000aa26    00000008     (__TI_cinit_table)

.binit     0    00008000    00000000     

.init_array 
*          0    00008000    00000000     UNINITIALIZED

PORT2      0    0000ffe2    00000002     
                  0000ffe2    00000002     app.obj (.int01)

PORT1      0    0000ffe8    00000002     
                  0000ffe8    00000002     app.obj (.int04)

TIMER0_A1 
*          0    0000ffea    00000002     
                  0000ffea    00000002     rts430_eabi.lib : int05.asm.obj (.int05)

TIMER0_A0 
*          0    0000ffec    00000002     
                  0000ffec    00000002     rts430_eabi.lib : int06.asm.obj (.int06)

SD24       0    0000ffee    00000002     
                  0000ffee    00000002     epower.obj (.int07)

USCI_B0    0    0000fff0    00000002     
                  0000fff0    00000002     rtc.obj (.int08)

USCI_A0    0    0000fff2    00000002     
                  0000fff2    00000002     serial.obj (.int09)

WDT        0    0000fff4    00000002     
                  0000fff4    00000002     app.obj (.int10)

VMON       0    0000fff6    00000002     
                  0000fff6    00000002     rts430_eabi.lib : int11.asm.obj (.int11)

TIMER1_A1 
*          0    0000fff8    00000002     
                  0000fff8    00000002     rts430_eabi.lib : int12.asm.obj (.int12)

TIMER1_A0 
*          0    0000fffa    00000002     
                  0000fffa    00000002     rts430_eabi.lib : int13.asm.obj (.int13)

NMI        0    0000fffc    00000002     
                  0000fffc    00000002     rts430_eabi.lib : int14.asm.obj (.int14)

.reset     0    0000fffe    00000002     
                  0000fffe    00000002     rts430_eabi.lib : boot.c.obj (.reset)

$fill000   0    0000ffdc    00000004     
                  0000ffdc    00000004     --HOLE-- [fill = ffff]

MODULE SUMMARY

       Module                       code    ro data   rw data
       ------                       ----    -------   -------
    .\
       low_level_init.obj           134     0         0      
    +--+----------------------------+-------+---------+---------+
       Total:                       134     0         0      
                                                             
    .\src\
       app.obj                      3244    16        160    
    +--+----------------------------+-------+---------+---------+
       Total:                       3244    16        160    
                                                             
    .\src\driver\
       gpio.obj                     238     28        0      
       eusci_a_uart.obj             216     0         0      
       sd24.obj                     178     0         0      
       flashctl.obj                 136     0         0      
       eusci_b_i2c.obj              116     0         0      
       cs.obj                       86      0         0      
       wdt.obj                      74      0         0      
       sfr.obj                      6       0         0      
    +--+----------------------------+-------+---------+---------+
       Total:                       1050    28        0      
                                                             
    .\src\task\
       epower.obj                   1754    2         680    
       serial.obj                   346     2         38     
       rtc.obj                      240     2         10     
    +--+----------------------------+-------+---------+---------+
       Total:                       2340    6         728    
                                                             
    C:\ti\ccsv8\tools\compiler\ti-cgt-msp430_18.1.5.LTS\lib\rts430_eabi.lib
       frcmpyd.c.obj                646     0         0      
       mpyd.c.obj                   622     0         0      
       e_sqrtf.c.obj                316     0         0      
       fs_add.asm.obj               306     0         0      
       cmpd.c.obj                   220     0         0      
       fs_mpy.asm.obj               196     0         0      
       fs_div.asm.obj               156     0         0      
       cvtdf.c.obj                  140     0         0      
       copy_decompress_lzss.c.obj   124     0         0      
       cvtfd.c.obj                  114     0         0      
       lsr32.asm.obj                92      0         0      
       div32u.asm.obj               88      0         0      
       lsr16.asm.obj                76      0         0      
       fs_cmp.asm.obj               74      0         0      
       fs_ltof.asm.obj              74      0         0      
       fs_tou.asm.obj               70      0         0      
       autoinit.c.obj               66      0         0      
       asr32.asm.obj                62      0         0      
       lsl32.asm.obj                62      0         0      
       fs_ultof.asm.obj             50      0         0      
       mult32_hw.asm.obj            46      0         0      
       asr16.asm.obj                44      0         0      
       div16s.asm.obj               44      0         0      
       lsl16.asm.obj                44      0         0      
       fs_utof.asm.obj              36      0         0      
       boot.c.obj                   28      2         0      
       div16u.asm.obj               22      0         0      
       copy_zero_init.c.obj         20      0         0      
       mult16_hw.asm.obj            20      0         0      
       copy_decompress_none.c.obj   18      0         0      
       memcpy.c.obj                 18      0         0      
       epilog.asm.obj               16      0         0      
       isr_trap.asm.obj             8       0         0      
       exit.c.obj                   6       0         0      
       errno.c.obj                  0       0         2      
       int05.asm.obj                0       2         0      
       int06.asm.obj                0       2         0      
       int11.asm.obj                0       2         0      
       int12.asm.obj                0       2         0      
       int13.asm.obj                0       2         0      
       int14.asm.obj                0       2         0      
       startup.c.obj                2       0         0      
    +--+----------------------------+-------+---------+---------+
       Total:                       3926    14        2      
                                                             
       Stack:                       0       0         80     
       Linker Generated:            0       65        0      
    +--+----------------------------+-------+---------+---------+
       Grand Total:                 10694   129       970    


LINKER GENERATED COPY TABLES

__TI_cinit_table @ 0000aa26 records: 2, size/record: 4, table size: 8
	.data: load addr=0000a9ec, load size=0000002f bytes, run addr=00000506, run size=00000076 bytes, compression=lzss
	.bss: load addr=0000aa22, load size=00000004 bytes, run addr=00000200, run size=00000305 bytes, compression=zero_init


LINKER GENERATED HANDLER TABLE

__TI_handler_table @ 0000aa1c records: 3, size/record: 2, table size: 6
	index: 0, handler: __TI_zero_init
	index: 1, handler: __TI_decompress_lzss
	index: 2, handler: __TI_decompress_none


GLOBAL SYMBOLS: SORTED ALPHABETICALLY BY Name 

address   name                                      
-------   ----                                      
0000a9be  C$$EXIT                                   
00000050  CSCTL0                                    
00000051  CSCTL1                                    
00000054  CSERFCAL                                  
00000055  CSERTCAL                                  
00000052  CSIRFCAL                                  
00000053  CSIRTCAL                                  
0000a5d8  CS_initClockSignal                        
0000a4ca  CS_setupDCO                               
0000855e  EPOWER_calc                               
0000a8bc  EPOWER_getInfo                            
00009df0  EPOWER_init                               
0000a600  EPOWER_startConversion                    
00000492  EPOWER_tmp                                
00009ad4  EUSCI_A0_ISR                              
0000a982  EUSCI_A_UART_clearInterrupt               
0000a794  EUSCI_A_UART_disableInterrupt             
0000a99a  EUSCI_A_UART_enable                       
0000a7ae  EUSCI_A_UART_enableInterrupt              
00009cce  EUSCI_A_UART_init                         
0000a9a0  EUSCI_B_I2C_clearInterrupt                
0000a9a6  EUSCI_B_I2C_disableInterrupt              
0000a98a  EUSCI_B_I2C_masterReceiveMultiByteNext    
0000a9ac  EUSCI_B_I2C_masterReceiveMultiByteStop    
0000a96c  EUSCI_B_I2C_masterReceiveStart            
0000a880  EUSCI_B_I2C_masterSendMultiByteNext       
0000a6da  EUSCI_B_I2C_masterSendMultiByteStart      
0000a8ce  EUSCI_B_I2C_masterSendMultiByteStop       
0000a9b2  EUSCI_B_I2C_masterSendStart               
00000128  FCTL1                                     
0000012a  FCTL2                                     
0000012c  FCTL3                                     
0000a626  FlashCtl_eraseSegment                     
0000a462  FlashCtl_setupClock                       
0000a4f8  FlashCtl_write8                           
0000a7fc  GPIO_clearInterrupt                       
0000a7c8  GPIO_getInputPinValue                     
0000a71e  GPIO_setAsInputPin                        
0000a73c  GPIO_setAsOutputPin                       
0000a3a6  GPIO_setAsPeripheralModuleFunctionInputPin
0000a812  GPIO_setOutputHighOnPin                   
0000a828  GPIO_setOutputLowOnPin                    
0000a83e  GPIO_toggleOutputOnPin                    
00000000  IE1                                       
00000002  IFG1                                      
00000060  LPM45CTL                                  
00000134  MAC                                       
00000136  MACS                                      
00000130  MPY                                       
00000132  MPYS                                      
00000138  OP2                                       
0000001e  P1IV                                      
0000002e  P2IV                                      
00000014  PADIR                                     
00000015  PADIR_H                                   
00000014  PADIR_L                                   
0000002a  PAIE                                      
00000028  PAIES                                     
00000029  PAIES_H                                   
00000028  PAIES_L                                   
0000002b  PAIE_H                                    
0000002a  PAIE_L                                    
0000002c  PAIFG                                     
0000002d  PAIFG_H                                   
0000002c  PAIFG_L                                   
00000010  PAIN                                      
00000011  PAIN_H                                    
00000010  PAIN_L                                    
00000012  PAOUT                                     
00000013  PAOUT_H                                   
00000012  PAOUT_L                                   
0000001a  PASEL0                                    
0000001b  PASEL0_H                                  
0000001a  PASEL0_L                                  
0000001c  PASEL1                                    
0000001d  PASEL1_H                                  
0000001c  PASEL1_L                                  
00009e78  PORT1_ISR                                 
0000a978  PORT2_ISR                                 
00000062  REFCAL0                                   
00000063  REFCAL1                                   
0000013c  RESHI                                     
0000013a  RESLO                                     
0000a75a  RTC_writeTimeToSlave                      
00000102  SD24CCTL0                                 
00000104  SD24CCTL1                                 
00000106  SD24CCTL2                                 
00000108  SD24CCTL3                                 
00000100  SD24CTL                                   
000000b0  SD24INCTL0                                
000000b1  SD24INCTL1                                
000000b2  SD24INCTL2                                
000000b3  SD24INCTL3                                
000001f0  SD24IV                                    
00000110  SD24MEM0                                  
00000112  SD24MEM1                                  
00000114  SD24MEM2                                  
00000116  SD24MEM3                                  
000000b8  SD24PRE0                                  
000000b9  SD24PRE1                                  
000000ba  SD24PRE2                                  
000000bb  SD24PRE3                                  
000000bf  SD24TRIM                                  
00009322  SD24_ISR                                  
0000a64a  SD24_enableInterrupt                      
0000a66e  SD24_init                                 
0000a2d8  SD24_initConverterAdvanced                
0000a8e0  SD24_startConverterConversion             
0000a8f2  SD24_stopConverterConversion              
0000a0e6  SERIAL_init                               
0000a6fc  SERIAL_send                               
0000a7e2  SERIAL_startRx                            
0000a9b8  SFR_enableInterrupt                       
0000013e  SUMEXT                                    
000001fe  SYSJTAGDIS                                
00000172  TA0CCR0                                   
00000174  TA0CCR1                                   
00000176  TA0CCR2                                   
00000162  TA0CCTL0                                  
00000164  TA0CCTL1                                  
00000166  TA0CCTL2                                  
00000160  TA0CTL                                    
0000012e  TA0IV                                     
00000170  TA0R                                      
00000192  TA1CCR0                                   
00000194  TA1CCR1                                   
00000196  TA1CCR2                                   
00000182  TA1CCTL0                                  
00000184  TA1CCTL1                                  
00000186  TA1CCTL2                                  
00000180  TA1CTL                                    
0000011e  TA1IV                                     
00000190  TA1R                                      
00000150  UCA0ABCTL                                 
00000146  UCA0BRW                                   
00000147  UCA0BRW_H                                 
00000146  UCA0BRW_L                                 
00000140  UCA0CTLW0                                 
00000141  UCA0CTLW0_H                               
00000140  UCA0CTLW0_L                               
00000142  UCA0CTLW1                                 
00000143  UCA0CTLW1_H                               
00000142  UCA0CTLW1_L                               
0000015a  UCA0IE                                    
0000015b  UCA0IE_H                                  
0000015a  UCA0IE_L                                  
0000015c  UCA0IFG                                   
0000015d  UCA0IFG_H                                 
0000015c  UCA0IFG_L                                 
00000152  UCA0IRCTL                                 
00000153  UCA0IRCTL_H                               
00000152  UCA0IRCTL_L                               
0000015e  UCA0IV                                    
00000148  UCA0MCTLW                                 
00000149  UCA0MCTLW_H                               
00000148  UCA0MCTLW_L                               
0000014c  UCA0RXBUF                                 
0000014d  UCA0RXBUF_H                               
0000014c  UCA0RXBUF_L                               
0000014a  UCA0STATW                                 
0000014e  UCA0TXBUF                                 
0000014f  UCA0TXBUF_H                               
0000014e  UCA0TXBUF_L                               
000001de  UCB0ADDMASK                               
000001df  UCB0ADDMASK_H                             
000001de  UCB0ADDMASK_L                             
000001dc  UCB0ADDRX                                 
000001dd  UCB0ADDRX_H                               
000001dc  UCB0ADDRX_L                               
000001c6  UCB0BRW                                   
000001c7  UCB0BRW_H                                 
000001c6  UCB0BRW_L                                 
000001c0  UCB0CTLW0                                 
000001c1  UCB0CTLW0_H                               
000001c0  UCB0CTLW0_L                               
000001c2  UCB0CTLW1                                 
000001c3  UCB0CTLW1_H                               
000001c2  UCB0CTLW1_L                               
000001d4  UCB0I2COA0                                
000001d5  UCB0I2COA0_H                              
000001d4  UCB0I2COA0_L                              
000001d6  UCB0I2COA1                                
000001d7  UCB0I2COA1_H                              
000001d6  UCB0I2COA1_L                              
000001d8  UCB0I2COA2                                
000001d9  UCB0I2COA2_H                              
000001d8  UCB0I2COA2_L                              
000001da  UCB0I2COA3                                
000001db  UCB0I2COA3_H                              
000001da  UCB0I2COA3_L                              
000001e0  UCB0I2CSA                                 
000001e1  UCB0I2CSA_H                               
000001e0  UCB0I2CSA_L                               
000001ea  UCB0IE                                    
000001eb  UCB0IE_H                                  
000001ea  UCB0IE_L                                  
000001ec  UCB0IFG                                   
000001ed  UCB0IFG_H                                 
000001ec  UCB0IFG_L                                 
000001ee  UCB0IV                                    
000001cc  UCB0RXBUF                                 
000001cd  UCB0RXBUF_H                               
000001cc  UCB0RXBUF_L                               
000001c8  UCB0STATW                                 
000001c9  UCB0STATW_H                               
000001c8  UCB0STATW_L                               
000001ca  UCB0TBCNT                                 
000001cb  UCB0TBCNT_H                               
000001ca  UCB0TBCNT_L                               
000001ce  UCB0TXBUF                                 
000001cf  UCB0TXBUF_H                               
000001ce  UCB0TXBUF_L                               
0000993e  USCIB0_ISR                                
00000061  VMONCTL                                   
00000120  WDTCTL                                    
0000a692  WDT_ISR                                   
0000a854  WDT_hold                                  
0000a94c  WDT_initIntervalTimer                     
0000a904  WDT_resetTimer                            
0000a916  WDT_start                                 
00000a00  __STACK_END                               
00000050  __STACK_SIZE                              
0000aa26  __TI_CINIT_Base                           
0000aa2e  __TI_CINIT_Limit                          
0000aa1c  __TI_Handler_Table_Base                   
0000aa22  __TI_Handler_Table_Limit                  
0000a992  __TI_ISR_TRAP                             
0000a364  __TI_auto_init_nobinit_nopinit            
00009f86  __TI_decompress_lzss                      
0000a928  __TI_decompress_none                      
00008a08  __TI_frcmpyd                              
0000ffe2  __TI_int01                                
0000ffe8  __TI_int04                                
0000ffea  __TI_int05                                
0000ffec  __TI_int06                                
0000ffee  __TI_int07                                
0000fff0  __TI_int08                                
0000fff2  __TI_int09                                
0000fff4  __TI_int10                                
0000fff6  __TI_int11                                
0000fff8  __TI_int12                                
0000fffa  __TI_int13                                
0000fffc  __TI_int14                                
ffffffff  __TI_pprof_out_hndl                       
ffffffff  __TI_prof_data_size                       
ffffffff  __TI_prof_data_start                      
0000a894  __TI_zero_init_nomemset                   
ffffffff  __c_args__                                
00009736  __mspabi_addf                             
00009862  __mspabi_cmpd                             
0000a244  __mspabi_cmpf                             
00009d64  __mspabi_cvtdf                            
0000a002  __mspabi_cvtfd                            
00009c32  __mspabi_divf                             
0000a580  __mspabi_divi                             
0000a86a  __mspabi_divu                             
0000a1a0  __mspabi_divul                            
0000a31e  __mspabi_fixfu                            
0000a28e  __mspabi_fltlif                           
0000a6b6  __mspabi_fltuf                            
0000a498  __mspabi_fltulf                           
0000a968  __mspabi_func_epilog_1                    
0000a966  __mspabi_func_epilog_2                    
0000a964  __mspabi_func_epilog_3                    
0000a962  __mspabi_func_epilog_4                    
0000a960  __mspabi_func_epilog_5                    
0000a95e  __mspabi_func_epilog_6                    
0000a95c  __mspabi_func_epilog_7                    
00008c8e  __mspabi_mpyd                             
00009a10  __mspabi_mpyf                             
0000a8a8  __mspabi_mpyi_hw                          
0000a526  __mspabi_mpyl_hw                          
0000a580  __mspabi_remi                             
0000a86a  __mspabi_remu                             
0000a1a0  __mspabi_remul                            
0000a5ac  __mspabi_slli                             
0000a5d4  __mspabi_slli_1                           
0000a5c2  __mspabi_slli_10                          
0000a5c0  __mspabi_slli_11                          
0000a5be  __mspabi_slli_12                          
0000a5bc  __mspabi_slli_13                          
0000a5ba  __mspabi_slli_14                          
0000a5b8  __mspabi_slli_15                          
0000a5d2  __mspabi_slli_2                           
0000a5d0  __mspabi_slli_3                           
0000a5ce  __mspabi_slli_4                           
0000a5cc  __mspabi_slli_5                           
0000a5ca  __mspabi_slli_6                           
0000a5c8  __mspabi_slli_7                           
0000a5c6  __mspabi_slli_8                           
0000a5c4  __mspabi_slli_9                           
0000a45c  __mspabi_slll_1                           
0000a438  __mspabi_slll_10                          
0000a434  __mspabi_slll_11                          
0000a430  __mspabi_slll_12                          
0000a42c  __mspabi_slll_13                          
0000a428  __mspabi_slll_14                          
0000a424  __mspabi_slll_15                          
0000a458  __mspabi_slll_2                           
0000a454  __mspabi_slll_3                           
0000a450  __mspabi_slll_4                           
0000a44c  __mspabi_slll_5                           
0000a448  __mspabi_slll_6                           
0000a444  __mspabi_slll_7                           
0000a440  __mspabi_slll_8                           
0000a43c  __mspabi_slll_9                           
0000a554  __mspabi_srai                             
0000a57c  __mspabi_srai_1                           
0000a56a  __mspabi_srai_10                          
0000a568  __mspabi_srai_11                          
0000a566  __mspabi_srai_12                          
0000a564  __mspabi_srai_13                          
0000a562  __mspabi_srai_14                          
0000a560  __mspabi_srai_15                          
0000a57a  __mspabi_srai_2                           
0000a578  __mspabi_srai_3                           
0000a576  __mspabi_srai_4                           
0000a574  __mspabi_srai_5                           
0000a572  __mspabi_srai_6                           
0000a570  __mspabi_srai_7                           
0000a56e  __mspabi_srai_8                           
0000a56c  __mspabi_srai_9                           
0000a41e  __mspabi_sral_1                           
0000a3fa  __mspabi_sral_10                          
0000a3f6  __mspabi_sral_11                          
0000a3f2  __mspabi_sral_12                          
0000a3ee  __mspabi_sral_13                          
0000a3ea  __mspabi_sral_14                          
0000a3e6  __mspabi_sral_15                          
0000a41a  __mspabi_sral_2                           
0000a416  __mspabi_sral_3                           
0000a412  __mspabi_sral_4                           
0000a40e  __mspabi_sral_5                           
0000a40a  __mspabi_sral_6                           
0000a406  __mspabi_sral_7                           
0000a402  __mspabi_sral_8                           
0000a3fe  __mspabi_sral_9                           
0000a1f8  __mspabi_srli                             
0000a23e  __mspabi_srli_1                           
0000a21a  __mspabi_srli_10                          
0000a216  __mspabi_srli_11                          
0000a212  __mspabi_srli_12                          
0000a20e  __mspabi_srli_13                          
0000a20a  __mspabi_srli_14                          
0000a206  __mspabi_srli_15                          
0000a23a  __mspabi_srli_2                           
0000a236  __mspabi_srli_3                           
0000a232  __mspabi_srli_4                           
0000a22e  __mspabi_srli_5                           
0000a22a  __mspabi_srli_6                           
0000a226  __mspabi_srli_7                           
0000a222  __mspabi_srli_8                           
0000a21e  __mspabi_srli_9                           
0000a198  __mspabi_srll_1                           
0000a162  __mspabi_srll_10                          
0000a15c  __mspabi_srll_11                          
0000a156  __mspabi_srll_12                          
0000a150  __mspabi_srll_13                          
0000a14a  __mspabi_srll_14                          
0000a144  __mspabi_srll_15                          
0000a192  __mspabi_srll_2                           
0000a18c  __mspabi_srll_3                           
0000a186  __mspabi_srll_4                           
0000a180  __mspabi_srll_5                           
0000a17a  __mspabi_srll_6                           
0000a174  __mspabi_srll_7                           
0000a16e  __mspabi_srll_8                           
0000a168  __mspabi_srll_9                           
00009730  __mspabi_subf                             
0000a778  _c_int00_noargs                           
0000fffe  _reset_vector                             
000009b0  _stack                                    
0000a9c4  _system_post_cinit                        
00009f00  _system_pre_init                          
0000a9be  abort                                     
00000554  appVersionStr                             
000004e2  backGroundStatus                          
00000530  btnBTLock                                 
0000052f  btnSWLock                                 
000004ca  currentRms                                
00000526  energyPerDay                              
0000052a  energyPerDayTmp                           
0000a074  epowerService                             
0000057a  errno                                     
0000a9e2  flashSegStart                             
000004e4  i2cCount                                  
000004e6  i2cIndex                                  
000004e8  i2cRxBuffer                               
000004ea  i2cTxBuffer                               
00000200  iSample                                   
000004ec  iZeroPoint1                               
000004ee  iZeroPoint2                               
00009b94  main                                      
0000a93a  memcpy                                    
0000055c  passwd                                    
000004ce  powerActive                               
000004d2  powerApperent                             
000004d6  powerFactor                               
000004da  powerFreq                                 
00008efc  rtcService                                
000004f0  rtcStatus                                 
0000053c  sd24Cfg                                   
000004f2  sd24SampleIndex                           
000004b6  serialRxBuffer                            
000004f4  serialRxCount                             
000004f6  serialRxIndex                             
000004f8  serialRxStatus                            
00008000  serialService                             
000004fa  serialTxBuffer                            
000004fc  serialTxCount                             
000004fe  serialTxIndex                             
00009122  softwareRTCPlus1sec                       
000095f4  sqrtf                                     
0000052e  sysBLETimeout                             
0000049e  sysEPowerInfo                             
000004aa  sysEPowerInfoTmp                          
00009492  sysInit                                   
000004c0  sysLogInfo                                
00000564  sysNextTime                               
00000506  sysSchedule                               
0000056b  sysTime                                   
00000572  sysTimeTmp                                
00000482  uartCfg                                   
0000032c  vSample                                   
00000500  vZeroPoint1                               
00000502  vZeroPoint2                               
000004de  voltRms                                   


GLOBAL SYMBOLS: SORTED BY Symbol Address 

address   name                                      
-------   ----                                      
00000000  IE1                                       
00000002  IFG1                                      
00000010  PAIN                                      
00000010  PAIN_L                                    
00000011  PAIN_H                                    
00000012  PAOUT                                     
00000012  PAOUT_L                                   
00000013  PAOUT_H                                   
00000014  PADIR                                     
00000014  PADIR_L                                   
00000015  PADIR_H                                   
0000001a  PASEL0                                    
0000001a  PASEL0_L                                  
0000001b  PASEL0_H                                  
0000001c  PASEL1                                    
0000001c  PASEL1_L                                  
0000001d  PASEL1_H                                  
0000001e  P1IV                                      
00000028  PAIES                                     
00000028  PAIES_L                                   
00000029  PAIES_H                                   
0000002a  PAIE                                      
0000002a  PAIE_L                                    
0000002b  PAIE_H                                    
0000002c  PAIFG                                     
0000002c  PAIFG_L                                   
0000002d  PAIFG_H                                   
0000002e  P2IV                                      
00000050  CSCTL0                                    
00000050  __STACK_SIZE                              
00000051  CSCTL1                                    
00000052  CSIRFCAL                                  
00000053  CSIRTCAL                                  
00000054  CSERFCAL                                  
00000055  CSERTCAL                                  
00000060  LPM45CTL                                  
00000061  VMONCTL                                   
00000062  REFCAL0                                   
00000063  REFCAL1                                   
000000b0  SD24INCTL0                                
000000b1  SD24INCTL1                                
000000b2  SD24INCTL2                                
000000b3  SD24INCTL3                                
000000b8  SD24PRE0                                  
000000b9  SD24PRE1                                  
000000ba  SD24PRE2                                  
000000bb  SD24PRE3                                  
000000bf  SD24TRIM                                  
00000100  SD24CTL                                   
00000102  SD24CCTL0                                 
00000104  SD24CCTL1                                 
00000106  SD24CCTL2                                 
00000108  SD24CCTL3                                 
00000110  SD24MEM0                                  
00000112  SD24MEM1                                  
00000114  SD24MEM2                                  
00000116  SD24MEM3                                  
0000011e  TA1IV                                     
00000120  WDTCTL                                    
00000128  FCTL1                                     
0000012a  FCTL2                                     
0000012c  FCTL3                                     
0000012e  TA0IV                                     
00000130  MPY                                       
00000132  MPYS                                      
00000134  MAC                                       
00000136  MACS                                      
00000138  OP2                                       
0000013a  RESLO                                     
0000013c  RESHI                                     
0000013e  SUMEXT                                    
00000140  UCA0CTLW0                                 
00000140  UCA0CTLW0_L                               
00000141  UCA0CTLW0_H                               
00000142  UCA0CTLW1                                 
00000142  UCA0CTLW1_L                               
00000143  UCA0CTLW1_H                               
00000146  UCA0BRW                                   
00000146  UCA0BRW_L                                 
00000147  UCA0BRW_H                                 
00000148  UCA0MCTLW                                 
00000148  UCA0MCTLW_L                               
00000149  UCA0MCTLW_H                               
0000014a  UCA0STATW                                 
0000014c  UCA0RXBUF                                 
0000014c  UCA0RXBUF_L                               
0000014d  UCA0RXBUF_H                               
0000014e  UCA0TXBUF                                 
0000014e  UCA0TXBUF_L                               
0000014f  UCA0TXBUF_H                               
00000150  UCA0ABCTL                                 
00000152  UCA0IRCTL                                 
00000152  UCA0IRCTL_L                               
00000153  UCA0IRCTL_H                               
0000015a  UCA0IE                                    
0000015a  UCA0IE_L                                  
0000015b  UCA0IE_H                                  
0000015c  UCA0IFG                                   
0000015c  UCA0IFG_L                                 
0000015d  UCA0IFG_H                                 
0000015e  UCA0IV                                    
00000160  TA0CTL                                    
00000162  TA0CCTL0                                  
00000164  TA0CCTL1                                  
00000166  TA0CCTL2                                  
00000170  TA0R                                      
00000172  TA0CCR0                                   
00000174  TA0CCR1                                   
00000176  TA0CCR2                                   
00000180  TA1CTL                                    
00000182  TA1CCTL0                                  
00000184  TA1CCTL1                                  
00000186  TA1CCTL2                                  
00000190  TA1R                                      
00000192  TA1CCR0                                   
00000194  TA1CCR1                                   
00000196  TA1CCR2                                   
000001c0  UCB0CTLW0                                 
000001c0  UCB0CTLW0_L                               
000001c1  UCB0CTLW0_H                               
000001c2  UCB0CTLW1                                 
000001c2  UCB0CTLW1_L                               
000001c3  UCB0CTLW1_H                               
000001c6  UCB0BRW                                   
000001c6  UCB0BRW_L                                 
000001c7  UCB0BRW_H                                 
000001c8  UCB0STATW                                 
000001c8  UCB0STATW_L                               
000001c9  UCB0STATW_H                               
000001ca  UCB0TBCNT                                 
000001ca  UCB0TBCNT_L                               
000001cb  UCB0TBCNT_H                               
000001cc  UCB0RXBUF                                 
000001cc  UCB0RXBUF_L                               
000001cd  UCB0RXBUF_H                               
000001ce  UCB0TXBUF                                 
000001ce  UCB0TXBUF_L                               
000001cf  UCB0TXBUF_H                               
000001d4  UCB0I2COA0                                
000001d4  UCB0I2COA0_L                              
000001d5  UCB0I2COA0_H                              
000001d6  UCB0I2COA1                                
000001d6  UCB0I2COA1_L                              
000001d7  UCB0I2COA1_H                              
000001d8  UCB0I2COA2                                
000001d8  UCB0I2COA2_L                              
000001d9  UCB0I2COA2_H                              
000001da  UCB0I2COA3                                
000001da  UCB0I2COA3_L                              
000001db  UCB0I2COA3_H                              
000001dc  UCB0ADDRX                                 
000001dc  UCB0ADDRX_L                               
000001dd  UCB0ADDRX_H                               
000001de  UCB0ADDMASK                               
000001de  UCB0ADDMASK_L                             
000001df  UCB0ADDMASK_H                             
000001e0  UCB0I2CSA                                 
000001e0  UCB0I2CSA_L                               
000001e1  UCB0I2CSA_H                               
000001ea  UCB0IE                                    
000001ea  UCB0IE_L                                  
000001eb  UCB0IE_H                                  
000001ec  UCB0IFG                                   
000001ec  UCB0IFG_L                                 
000001ed  UCB0IFG_H                                 
000001ee  UCB0IV                                    
000001f0  SD24IV                                    
000001fe  SYSJTAGDIS                                
00000200  iSample                                   
0000032c  vSample                                   
00000482  uartCfg                                   
00000492  EPOWER_tmp                                
0000049e  sysEPowerInfo                             
000004aa  sysEPowerInfoTmp                          
000004b6  serialRxBuffer                            
000004c0  sysLogInfo                                
000004ca  currentRms                                
000004ce  powerActive                               
000004d2  powerApperent                             
000004d6  powerFactor                               
000004da  powerFreq                                 
000004de  voltRms                                   
000004e2  backGroundStatus                          
000004e4  i2cCount                                  
000004e6  i2cIndex                                  
000004e8  i2cRxBuffer                               
000004ea  i2cTxBuffer                               
000004ec  iZeroPoint1                               
000004ee  iZeroPoint2                               
000004f0  rtcStatus                                 
000004f2  sd24SampleIndex                           
000004f4  serialRxCount                             
000004f6  serialRxIndex                             
000004f8  serialRxStatus                            
000004fa  serialTxBuffer                            
000004fc  serialTxCount                             
000004fe  serialTxIndex                             
00000500  vZeroPoint1                               
00000502  vZeroPoint2                               
00000506  sysSchedule                               
00000526  energyPerDay                              
0000052a  energyPerDayTmp                           
0000052e  sysBLETimeout                             
0000052f  btnSWLock                                 
00000530  btnBTLock                                 
0000053c  sd24Cfg                                   
00000554  appVersionStr                             
0000055c  passwd                                    
00000564  sysNextTime                               
0000056b  sysTime                                   
00000572  sysTimeTmp                                
0000057a  errno                                     
000009b0  _stack                                    
00000a00  __STACK_END                               
00008000  serialService                             
0000855e  EPOWER_calc                               
00008a08  __TI_frcmpyd                              
00008c8e  __mspabi_mpyd                             
00008efc  rtcService                                
00009122  softwareRTCPlus1sec                       
00009322  SD24_ISR                                  
00009492  sysInit                                   
000095f4  sqrtf                                     
00009730  __mspabi_subf                             
00009736  __mspabi_addf                             
00009862  __mspabi_cmpd                             
0000993e  USCIB0_ISR                                
00009a10  __mspabi_mpyf                             
00009ad4  EUSCI_A0_ISR                              
00009b94  main                                      
00009c32  __mspabi_divf                             
00009cce  EUSCI_A_UART_init                         
00009d64  __mspabi_cvtdf                            
00009df0  EPOWER_init                               
00009e78  PORT1_ISR                                 
00009f00  _system_pre_init                          
00009f86  __TI_decompress_lzss                      
0000a002  __mspabi_cvtfd                            
0000a074  epowerService                             
0000a0e6  SERIAL_init                               
0000a144  __mspabi_srll_15                          
0000a14a  __mspabi_srll_14                          
0000a150  __mspabi_srll_13                          
0000a156  __mspabi_srll_12                          
0000a15c  __mspabi_srll_11                          
0000a162  __mspabi_srll_10                          
0000a168  __mspabi_srll_9                           
0000a16e  __mspabi_srll_8                           
0000a174  __mspabi_srll_7                           
0000a17a  __mspabi_srll_6                           
0000a180  __mspabi_srll_5                           
0000a186  __mspabi_srll_4                           
0000a18c  __mspabi_srll_3                           
0000a192  __mspabi_srll_2                           
0000a198  __mspabi_srll_1                           
0000a1a0  __mspabi_divul                            
0000a1a0  __mspabi_remul                            
0000a1f8  __mspabi_srli                             
0000a206  __mspabi_srli_15                          
0000a20a  __mspabi_srli_14                          
0000a20e  __mspabi_srli_13                          
0000a212  __mspabi_srli_12                          
0000a216  __mspabi_srli_11                          
0000a21a  __mspabi_srli_10                          
0000a21e  __mspabi_srli_9                           
0000a222  __mspabi_srli_8                           
0000a226  __mspabi_srli_7                           
0000a22a  __mspabi_srli_6                           
0000a22e  __mspabi_srli_5                           
0000a232  __mspabi_srli_4                           
0000a236  __mspabi_srli_3                           
0000a23a  __mspabi_srli_2                           
0000a23e  __mspabi_srli_1                           
0000a244  __mspabi_cmpf                             
0000a28e  __mspabi_fltlif                           
0000a2d8  SD24_initConverterAdvanced                
0000a31e  __mspabi_fixfu                            
0000a364  __TI_auto_init_nobinit_nopinit            
0000a3a6  GPIO_setAsPeripheralModuleFunctionInputPin
0000a3e6  __mspabi_sral_15                          
0000a3ea  __mspabi_sral_14                          
0000a3ee  __mspabi_sral_13                          
0000a3f2  __mspabi_sral_12                          
0000a3f6  __mspabi_sral_11                          
0000a3fa  __mspabi_sral_10                          
0000a3fe  __mspabi_sral_9                           
0000a402  __mspabi_sral_8                           
0000a406  __mspabi_sral_7                           
0000a40a  __mspabi_sral_6                           
0000a40e  __mspabi_sral_5                           
0000a412  __mspabi_sral_4                           
0000a416  __mspabi_sral_3                           
0000a41a  __mspabi_sral_2                           
0000a41e  __mspabi_sral_1                           
0000a424  __mspabi_slll_15                          
0000a428  __mspabi_slll_14                          
0000a42c  __mspabi_slll_13                          
0000a430  __mspabi_slll_12                          
0000a434  __mspabi_slll_11                          
0000a438  __mspabi_slll_10                          
0000a43c  __mspabi_slll_9                           
0000a440  __mspabi_slll_8                           
0000a444  __mspabi_slll_7                           
0000a448  __mspabi_slll_6                           
0000a44c  __mspabi_slll_5                           
0000a450  __mspabi_slll_4                           
0000a454  __mspabi_slll_3                           
0000a458  __mspabi_slll_2                           
0000a45c  __mspabi_slll_1                           
0000a462  FlashCtl_setupClock                       
0000a498  __mspabi_fltulf                           
0000a4ca  CS_setupDCO                               
0000a4f8  FlashCtl_write8                           
0000a526  __mspabi_mpyl_hw                          
0000a554  __mspabi_srai                             
0000a560  __mspabi_srai_15                          
0000a562  __mspabi_srai_14                          
0000a564  __mspabi_srai_13                          
0000a566  __mspabi_srai_12                          
0000a568  __mspabi_srai_11                          
0000a56a  __mspabi_srai_10                          
0000a56c  __mspabi_srai_9                           
0000a56e  __mspabi_srai_8                           
0000a570  __mspabi_srai_7                           
0000a572  __mspabi_srai_6                           
0000a574  __mspabi_srai_5                           
0000a576  __mspabi_srai_4                           
0000a578  __mspabi_srai_3                           
0000a57a  __mspabi_srai_2                           
0000a57c  __mspabi_srai_1                           
0000a580  __mspabi_divi                             
0000a580  __mspabi_remi                             
0000a5ac  __mspabi_slli                             
0000a5b8  __mspabi_slli_15                          
0000a5ba  __mspabi_slli_14                          
0000a5bc  __mspabi_slli_13                          
0000a5be  __mspabi_slli_12                          
0000a5c0  __mspabi_slli_11                          
0000a5c2  __mspabi_slli_10                          
0000a5c4  __mspabi_slli_9                           
0000a5c6  __mspabi_slli_8                           
0000a5c8  __mspabi_slli_7                           
0000a5ca  __mspabi_slli_6                           
0000a5cc  __mspabi_slli_5                           
0000a5ce  __mspabi_slli_4                           
0000a5d0  __mspabi_slli_3                           
0000a5d2  __mspabi_slli_2                           
0000a5d4  __mspabi_slli_1                           
0000a5d8  CS_initClockSignal                        
0000a600  EPOWER_startConversion                    
0000a626  FlashCtl_eraseSegment                     
0000a64a  SD24_enableInterrupt                      
0000a66e  SD24_init                                 
0000a692  WDT_ISR                                   
0000a6b6  __mspabi_fltuf                            
0000a6da  EUSCI_B_I2C_masterSendMultiByteStart      
0000a6fc  SERIAL_send                               
0000a71e  GPIO_setAsInputPin                        
0000a73c  GPIO_setAsOutputPin                       
0000a75a  RTC_writeTimeToSlave                      
0000a778  _c_int00_noargs                           
0000a794  EUSCI_A_UART_disableInterrupt             
0000a7ae  EUSCI_A_UART_enableInterrupt              
0000a7c8  GPIO_getInputPinValue                     
0000a7e2  SERIAL_startRx                            
0000a7fc  GPIO_clearInterrupt                       
0000a812  GPIO_setOutputHighOnPin                   
0000a828  GPIO_setOutputLowOnPin                    
0000a83e  GPIO_toggleOutputOnPin                    
0000a854  WDT_hold                                  
0000a86a  __mspabi_divu                             
0000a86a  __mspabi_remu                             
0000a880  EUSCI_B_I2C_masterSendMultiByteNext       
0000a894  __TI_zero_init_nomemset                   
0000a8a8  __mspabi_mpyi_hw                          
0000a8bc  EPOWER_getInfo                            
0000a8ce  EUSCI_B_I2C_masterSendMultiByteStop       
0000a8e0  SD24_startConverterConversion             
0000a8f2  SD24_stopConverterConversion              
0000a904  WDT_resetTimer                            
0000a916  WDT_start                                 
0000a928  __TI_decompress_none                      
0000a93a  memcpy                                    
0000a94c  WDT_initIntervalTimer                     
0000a95c  __mspabi_func_epilog_7                    
0000a95e  __mspabi_func_epilog_6                    
0000a960  __mspabi_func_epilog_5                    
0000a962  __mspabi_func_epilog_4                    
0000a964  __mspabi_func_epilog_3                    
0000a966  __mspabi_func_epilog_2                    
0000a968  __mspabi_func_epilog_1                    
0000a96c  EUSCI_B_I2C_masterReceiveStart            
0000a978  PORT2_ISR                                 
0000a982  EUSCI_A_UART_clearInterrupt               
0000a98a  EUSCI_B_I2C_masterReceiveMultiByteNext    
0000a992  __TI_ISR_TRAP                             
0000a99a  EUSCI_A_UART_enable                       
0000a9a0  EUSCI_B_I2C_clearInterrupt                
0000a9a6  EUSCI_B_I2C_disableInterrupt              
0000a9ac  EUSCI_B_I2C_masterReceiveMultiByteStop    
0000a9b2  EUSCI_B_I2C_masterSendStart               
0000a9b8  SFR_enableInterrupt                       
0000a9be  C$$EXIT                                   
0000a9be  abort                                     
0000a9c4  _system_post_cinit                        
0000a9e2  flashSegStart                             
0000aa1c  __TI_Handler_Table_Base                   
0000aa22  __TI_Handler_Table_Limit                  
0000aa26  __TI_CINIT_Base                           
0000aa2e  __TI_CINIT_Limit                          
0000ffe2  __TI_int01                                
0000ffe8  __TI_int04                                
0000ffea  __TI_int05                                
0000ffec  __TI_int06                                
0000ffee  __TI_int07                                
0000fff0  __TI_int08                                
0000fff2  __TI_int09                                
0000fff4  __TI_int10                                
0000fff6  __TI_int11                                
0000fff8  __TI_int12                                
0000fffa  __TI_int13                                
0000fffc  __TI_int14                                
0000fffe  _reset_vector                             
ffffffff  __TI_pprof_out_hndl                       
ffffffff  __TI_prof_data_size                       
ffffffff  __TI_prof_data_start                      
ffffffff  __c_args__                                

[427 symbols]
