<?xml version="1.0" encoding="ISO-8859-1" ?>
<link_info>
   <banner>MSP430 Linker PC v18.1.5.LTS</banner>
   <copyright>Copyright (c) 2003-2018 Texas Instruments Incorporated</copyright>
   <link_time>0x5d1c4c66</link_time>
   <link_errors>0x0</link_errors>
   <output_file>smart_plug_i2040s.out</output_file>
   <entry_point>
      <name>_c_int00_noargs</name>
      <address>0xa778</address>
   </entry_point>
   <input_file_list>
      <input_file id="fl-2">
         <path>.\</path>
         <kind>object</kind>
         <file>low_level_init.obj</file>
         <name>low_level_init.obj</name>
      </input_file>
      <input_file id="fl-3">
         <path>.\src\</path>
         <kind>object</kind>
         <file>app.obj</file>
         <name>app.obj</name>
      </input_file>
      <input_file id="fl-4">
         <path>.\src\driver\</path>
         <kind>object</kind>
         <file>cs.obj</file>
         <name>cs.obj</name>
      </input_file>
      <input_file id="fl-5">
         <path>.\src\driver\</path>
         <kind>object</kind>
         <file>eusci_a_spi.obj</file>
         <name>eusci_a_spi.obj</name>
      </input_file>
      <input_file id="fl-6">
         <path>.\src\driver\</path>
         <kind>object</kind>
         <file>eusci_a_uart.obj</file>
         <name>eusci_a_uart.obj</name>
      </input_file>
      <input_file id="fl-7">
         <path>.\src\driver\</path>
         <kind>object</kind>
         <file>eusci_b_i2c.obj</file>
         <name>eusci_b_i2c.obj</name>
      </input_file>
      <input_file id="fl-8">
         <path>.\src\driver\</path>
         <kind>object</kind>
         <file>eusci_b_spi.obj</file>
         <name>eusci_b_spi.obj</name>
      </input_file>
      <input_file id="fl-9">
         <path>.\src\driver\</path>
         <kind>object</kind>
         <file>flashctl.obj</file>
         <name>flashctl.obj</name>
      </input_file>
      <input_file id="fl-a">
         <path>.\src\driver\</path>
         <kind>object</kind>
         <file>gpio.obj</file>
         <name>gpio.obj</name>
      </input_file>
      <input_file id="fl-b">
         <path>.\src\driver\</path>
         <kind>object</kind>
         <file>mpy.obj</file>
         <name>mpy.obj</name>
      </input_file>
      <input_file id="fl-c">
         <path>.\src\driver\</path>
         <kind>object</kind>
         <file>pmm.obj</file>
         <name>pmm.obj</name>
      </input_file>
      <input_file id="fl-d">
         <path>.\src\driver\</path>
         <kind>object</kind>
         <file>sd24.obj</file>
         <name>sd24.obj</name>
      </input_file>
      <input_file id="fl-e">
         <path>.\src\driver\</path>
         <kind>object</kind>
         <file>sfr.obj</file>
         <name>sfr.obj</name>
      </input_file>
      <input_file id="fl-f">
         <path>.\src\driver\</path>
         <kind>object</kind>
         <file>timer_a.obj</file>
         <name>timer_a.obj</name>
      </input_file>
      <input_file id="fl-10">
         <path>.\src\driver\</path>
         <kind>object</kind>
         <file>tlv.obj</file>
         <name>tlv.obj</name>
      </input_file>
      <input_file id="fl-11">
         <path>.\src\driver\</path>
         <kind>object</kind>
         <file>wdt.obj</file>
         <name>wdt.obj</name>
      </input_file>
      <input_file id="fl-12">
         <path>.\src\task\</path>
         <kind>object</kind>
         <file>epower.obj</file>
         <name>epower.obj</name>
      </input_file>
      <input_file id="fl-13">
         <path>.\src\task\</path>
         <kind>object</kind>
         <file>rtc.obj</file>
         <name>rtc.obj</name>
      </input_file>
      <input_file id="fl-14">
         <path>.\src\task\</path>
         <kind>object</kind>
         <file>serial.obj</file>
         <name>serial.obj</name>
      </input_file>
      <input_file id="fl-19">
         <kind>object</kind>
         <file>&lt;internal&gt;</file>
         <name>&lt;internal&gt;</name>
      </input_file>
      <input_file id="fl-2f">
         <path>C:\ti\ccsv8\tools\compiler\ti-cgt-msp430_18.1.5.LTS\lib\</path>
         <kind>archive</kind>
         <file>rts430_eabi.lib</file>
         <name>e_sqrtf.c.obj</name>
      </input_file>
      <input_file id="fl-30">
         <path>C:\ti\ccsv8\tools\compiler\ti-cgt-msp430_18.1.5.LTS\lib\</path>
         <kind>archive</kind>
         <file>rts430_eabi.lib</file>
         <name>asr16.asm.obj</name>
      </input_file>
      <input_file id="fl-31">
         <path>C:\ti\ccsv8\tools\compiler\ti-cgt-msp430_18.1.5.LTS\lib\</path>
         <kind>archive</kind>
         <file>rts430_eabi.lib</file>
         <name>asr32.asm.obj</name>
      </input_file>
      <input_file id="fl-32">
         <path>C:\ti\ccsv8\tools\compiler\ti-cgt-msp430_18.1.5.LTS\lib\</path>
         <kind>archive</kind>
         <file>rts430_eabi.lib</file>
         <name>div16s.asm.obj</name>
      </input_file>
      <input_file id="fl-33">
         <path>C:\ti\ccsv8\tools\compiler\ti-cgt-msp430_18.1.5.LTS\lib\</path>
         <kind>archive</kind>
         <file>rts430_eabi.lib</file>
         <name>div16u.asm.obj</name>
      </input_file>
      <input_file id="fl-34">
         <path>C:\ti\ccsv8\tools\compiler\ti-cgt-msp430_18.1.5.LTS\lib\</path>
         <kind>archive</kind>
         <file>rts430_eabi.lib</file>
         <name>div32u.asm.obj</name>
      </input_file>
      <input_file id="fl-35">
         <path>C:\ti\ccsv8\tools\compiler\ti-cgt-msp430_18.1.5.LTS\lib\</path>
         <kind>archive</kind>
         <file>rts430_eabi.lib</file>
         <name>epilog.asm.obj</name>
      </input_file>
      <input_file id="fl-36">
         <path>C:\ti\ccsv8\tools\compiler\ti-cgt-msp430_18.1.5.LTS\lib\</path>
         <kind>archive</kind>
         <file>rts430_eabi.lib</file>
         <name>fs_add.asm.obj</name>
      </input_file>
      <input_file id="fl-37">
         <path>C:\ti\ccsv8\tools\compiler\ti-cgt-msp430_18.1.5.LTS\lib\</path>
         <kind>archive</kind>
         <file>rts430_eabi.lib</file>
         <name>fs_cmp.asm.obj</name>
      </input_file>
      <input_file id="fl-38">
         <path>C:\ti\ccsv8\tools\compiler\ti-cgt-msp430_18.1.5.LTS\lib\</path>
         <kind>archive</kind>
         <file>rts430_eabi.lib</file>
         <name>fs_div.asm.obj</name>
      </input_file>
      <input_file id="fl-39">
         <path>C:\ti\ccsv8\tools\compiler\ti-cgt-msp430_18.1.5.LTS\lib\</path>
         <kind>archive</kind>
         <file>rts430_eabi.lib</file>
         <name>fs_ltof.asm.obj</name>
      </input_file>
      <input_file id="fl-3a">
         <path>C:\ti\ccsv8\tools\compiler\ti-cgt-msp430_18.1.5.LTS\lib\</path>
         <kind>archive</kind>
         <file>rts430_eabi.lib</file>
         <name>fs_mpy.asm.obj</name>
      </input_file>
      <input_file id="fl-3b">
         <path>C:\ti\ccsv8\tools\compiler\ti-cgt-msp430_18.1.5.LTS\lib\</path>
         <kind>archive</kind>
         <file>rts430_eabi.lib</file>
         <name>fs_tou.asm.obj</name>
      </input_file>
      <input_file id="fl-3c">
         <path>C:\ti\ccsv8\tools\compiler\ti-cgt-msp430_18.1.5.LTS\lib\</path>
         <kind>archive</kind>
         <file>rts430_eabi.lib</file>
         <name>fs_ultof.asm.obj</name>
      </input_file>
      <input_file id="fl-3d">
         <path>C:\ti\ccsv8\tools\compiler\ti-cgt-msp430_18.1.5.LTS\lib\</path>
         <kind>archive</kind>
         <file>rts430_eabi.lib</file>
         <name>fs_utof.asm.obj</name>
      </input_file>
      <input_file id="fl-3e">
         <path>C:\ti\ccsv8\tools\compiler\ti-cgt-msp430_18.1.5.LTS\lib\</path>
         <kind>archive</kind>
         <file>rts430_eabi.lib</file>
         <name>int05.asm.obj</name>
      </input_file>
      <input_file id="fl-3f">
         <path>C:\ti\ccsv8\tools\compiler\ti-cgt-msp430_18.1.5.LTS\lib\</path>
         <kind>archive</kind>
         <file>rts430_eabi.lib</file>
         <name>int06.asm.obj</name>
      </input_file>
      <input_file id="fl-40">
         <path>C:\ti\ccsv8\tools\compiler\ti-cgt-msp430_18.1.5.LTS\lib\</path>
         <kind>archive</kind>
         <file>rts430_eabi.lib</file>
         <name>int11.asm.obj</name>
      </input_file>
      <input_file id="fl-41">
         <path>C:\ti\ccsv8\tools\compiler\ti-cgt-msp430_18.1.5.LTS\lib\</path>
         <kind>archive</kind>
         <file>rts430_eabi.lib</file>
         <name>int12.asm.obj</name>
      </input_file>
      <input_file id="fl-42">
         <path>C:\ti\ccsv8\tools\compiler\ti-cgt-msp430_18.1.5.LTS\lib\</path>
         <kind>archive</kind>
         <file>rts430_eabi.lib</file>
         <name>int13.asm.obj</name>
      </input_file>
      <input_file id="fl-43">
         <path>C:\ti\ccsv8\tools\compiler\ti-cgt-msp430_18.1.5.LTS\lib\</path>
         <kind>archive</kind>
         <file>rts430_eabi.lib</file>
         <name>int14.asm.obj</name>
      </input_file>
      <input_file id="fl-44">
         <path>C:\ti\ccsv8\tools\compiler\ti-cgt-msp430_18.1.5.LTS\lib\</path>
         <kind>archive</kind>
         <file>rts430_eabi.lib</file>
         <name>isr_trap.asm.obj</name>
      </input_file>
      <input_file id="fl-45">
         <path>C:\ti\ccsv8\tools\compiler\ti-cgt-msp430_18.1.5.LTS\lib\</path>
         <kind>archive</kind>
         <file>rts430_eabi.lib</file>
         <name>lsl16.asm.obj</name>
      </input_file>
      <input_file id="fl-46">
         <path>C:\ti\ccsv8\tools\compiler\ti-cgt-msp430_18.1.5.LTS\lib\</path>
         <kind>archive</kind>
         <file>rts430_eabi.lib</file>
         <name>lsl32.asm.obj</name>
      </input_file>
      <input_file id="fl-47">
         <path>C:\ti\ccsv8\tools\compiler\ti-cgt-msp430_18.1.5.LTS\lib\</path>
         <kind>archive</kind>
         <file>rts430_eabi.lib</file>
         <name>lsr16.asm.obj</name>
      </input_file>
      <input_file id="fl-48">
         <path>C:\ti\ccsv8\tools\compiler\ti-cgt-msp430_18.1.5.LTS\lib\</path>
         <kind>archive</kind>
         <file>rts430_eabi.lib</file>
         <name>mult16.asm.obj</name>
      </input_file>
      <input_file id="fl-49">
         <path>C:\ti\ccsv8\tools\compiler\ti-cgt-msp430_18.1.5.LTS\lib\</path>
         <kind>archive</kind>
         <file>rts430_eabi.lib</file>
         <name>mult16_hw.asm.obj</name>
      </input_file>
      <input_file id="fl-4a">
         <path>C:\ti\ccsv8\tools\compiler\ti-cgt-msp430_18.1.5.LTS\lib\</path>
         <kind>archive</kind>
         <file>rts430_eabi.lib</file>
         <name>mult1632_hw.asm.obj</name>
      </input_file>
      <input_file id="fl-4b">
         <path>C:\ti\ccsv8\tools\compiler\ti-cgt-msp430_18.1.5.LTS\lib\</path>
         <kind>archive</kind>
         <file>rts430_eabi.lib</file>
         <name>mult32.asm.obj</name>
      </input_file>
      <input_file id="fl-4c">
         <path>C:\ti\ccsv8\tools\compiler\ti-cgt-msp430_18.1.5.LTS\lib\</path>
         <kind>archive</kind>
         <file>rts430_eabi.lib</file>
         <name>mult32_hw.asm.obj</name>
      </input_file>
      <input_file id="fl-4d">
         <path>C:\ti\ccsv8\tools\compiler\ti-cgt-msp430_18.1.5.LTS\lib\</path>
         <kind>archive</kind>
         <file>rts430_eabi.lib</file>
         <name>mult3264_hw.asm.obj</name>
      </input_file>
      <input_file id="fl-4e">
         <path>C:\ti\ccsv8\tools\compiler\ti-cgt-msp430_18.1.5.LTS\lib\</path>
         <kind>archive</kind>
         <file>rts430_eabi.lib</file>
         <name>mult64_hw.asm.obj</name>
      </input_file>
      <input_file id="fl-4f">
         <path>C:\ti\ccsv8\tools\compiler\ti-cgt-msp430_18.1.5.LTS\lib\</path>
         <kind>archive</kind>
         <file>rts430_eabi.lib</file>
         <name>boot.c.obj</name>
      </input_file>
      <input_file id="fl-50">
         <path>C:\ti\ccsv8\tools\compiler\ti-cgt-msp430_18.1.5.LTS\lib\</path>
         <kind>archive</kind>
         <file>rts430_eabi.lib</file>
         <name>autoinit.c.obj</name>
      </input_file>
      <input_file id="fl-51">
         <path>C:\ti\ccsv8\tools\compiler\ti-cgt-msp430_18.1.5.LTS\lib\</path>
         <kind>archive</kind>
         <file>rts430_eabi.lib</file>
         <name>copy_zero_init.c.obj</name>
      </input_file>
      <input_file id="fl-52">
         <path>C:\ti\ccsv8\tools\compiler\ti-cgt-msp430_18.1.5.LTS\lib\</path>
         <kind>archive</kind>
         <file>rts430_eabi.lib</file>
         <name>cpy_tbl.c.obj</name>
      </input_file>
      <input_file id="fl-53">
         <path>C:\ti\ccsv8\tools\compiler\ti-cgt-msp430_18.1.5.LTS\lib\</path>
         <kind>archive</kind>
         <file>rts430_eabi.lib</file>
         <name>mpu_init.c.obj</name>
      </input_file>
      <input_file id="fl-54">
         <path>C:\ti\ccsv8\tools\compiler\ti-cgt-msp430_18.1.5.LTS\lib\</path>
         <kind>archive</kind>
         <file>rts430_eabi.lib</file>
         <name>lsr64.c.obj</name>
      </input_file>
      <input_file id="fl-55">
         <path>C:\ti\ccsv8\tools\compiler\ti-cgt-msp430_18.1.5.LTS\lib\</path>
         <kind>archive</kind>
         <file>rts430_eabi.lib</file>
         <name>startup.c.obj</name>
      </input_file>
      <input_file id="fl-56">
         <path>C:\ti\ccsv8\tools\compiler\ti-cgt-msp430_18.1.5.LTS\lib\</path>
         <kind>archive</kind>
         <file>rts430_eabi.lib</file>
         <name>copy_decompress_none.c.obj</name>
      </input_file>
      <input_file id="fl-57">
         <path>C:\ti\ccsv8\tools\compiler\ti-cgt-msp430_18.1.5.LTS\lib\</path>
         <kind>archive</kind>
         <file>rts430_eabi.lib</file>
         <name>copy_decompress_lzss.c.obj</name>
      </input_file>
      <input_file id="fl-58">
         <path>C:\ti\ccsv8\tools\compiler\ti-cgt-msp430_18.1.5.LTS\lib\</path>
         <kind>archive</kind>
         <file>rts430_eabi.lib</file>
         <name>cvtdf.c.obj</name>
      </input_file>
      <input_file id="fl-59">
         <path>C:\ti\ccsv8\tools\compiler\ti-cgt-msp430_18.1.5.LTS\lib\</path>
         <kind>archive</kind>
         <file>rts430_eabi.lib</file>
         <name>cmpd.c.obj</name>
      </input_file>
      <input_file id="fl-5a">
         <path>C:\ti\ccsv8\tools\compiler\ti-cgt-msp430_18.1.5.LTS\lib\</path>
         <kind>archive</kind>
         <file>rts430_eabi.lib</file>
         <name>cvtfd.c.obj</name>
      </input_file>
      <input_file id="fl-5b">
         <path>C:\ti\ccsv8\tools\compiler\ti-cgt-msp430_18.1.5.LTS\lib\</path>
         <kind>archive</kind>
         <file>rts430_eabi.lib</file>
         <name>mpyd.c.obj</name>
      </input_file>
      <input_file id="fl-5c">
         <path>C:\ti\ccsv8\tools\compiler\ti-cgt-msp430_18.1.5.LTS\lib\</path>
         <kind>archive</kind>
         <file>rts430_eabi.lib</file>
         <name>exit.c.obj</name>
      </input_file>
      <input_file id="fl-5d">
         <path>C:\ti\ccsv8\tools\compiler\ti-cgt-msp430_18.1.5.LTS\lib\</path>
         <kind>archive</kind>
         <file>rts430_eabi.lib</file>
         <name>_lock.c.obj</name>
      </input_file>
      <input_file id="fl-5e">
         <path>C:\ti\ccsv8\tools\compiler\ti-cgt-msp430_18.1.5.LTS\lib\</path>
         <kind>archive</kind>
         <file>rts430_eabi.lib</file>
         <name>args_main.c.obj</name>
      </input_file>
      <input_file id="fl-5f">
         <path>C:\ti\ccsv8\tools\compiler\ti-cgt-msp430_18.1.5.LTS\lib\</path>
         <kind>archive</kind>
         <file>rts430_eabi.lib</file>
         <name>memcpy.c.obj</name>
      </input_file>
      <input_file id="fl-60">
         <path>C:\ti\ccsv8\tools\compiler\ti-cgt-msp430_18.1.5.LTS\lib\</path>
         <kind>archive</kind>
         <file>rts430_eabi.lib</file>
         <name>errno.c.obj</name>
      </input_file>
      <input_file id="fl-61">
         <path>C:\ti\ccsv8\tools\compiler\ti-cgt-msp430_18.1.5.LTS\lib\</path>
         <kind>archive</kind>
         <file>rts430_eabi.lib</file>
         <name>exit_gvars.c.obj</name>
      </input_file>
      <input_file id="fl-62">
         <path>C:\ti\ccsv8\tools\compiler\ti-cgt-msp430_18.1.5.LTS\lib\</path>
         <kind>archive</kind>
         <file>rts430_eabi.lib</file>
         <name>frcmpyd.c.obj</name>
      </input_file>
      <input_file id="fl-63">
         <path>C:\ti\ccsv8\tools\compiler\ti-cgt-msp430_18.1.5.LTS\lib\</path>
         <kind>archive</kind>
         <file>rts430_eabi.lib</file>
         <name>lsr32.asm.obj</name>
      </input_file>
   </input_file_list>
   <object_component_list>
      <object_component id="oc-39d">
         <name>.bss:reply$3</name>
         <uninitialized>true</uninitialized>
         <run_address>0x46e</run_address>
         <size>0x14</size>
         <input_file_ref idref="fl-3"/>
      </object_component>
      <object_component id="oc-399">
         <name>.bss</name>
         <uninitialized>true</uninitialized>
         <run_address>0x504</run_address>
         <size>0x1</size>
         <input_file_ref idref="fl-3"/>
      </object_component>
      <object_component id="oc-457">
         <name>.bss</name>
         <uninitialized>true</uninitialized>
         <run_address>0x458</run_address>
         <size>0x16</size>
         <input_file_ref idref="fl-12"/>
      </object_component>
      <object_component id="oc-1cd">
         <name>.common:backGroundStatus</name>
         <uninitialized>true</uninitialized>
         <run_address>0x4e2</run_address>
         <size>0x2</size>
      </object_component>
      <object_component id="oc-38b">
         <name>.common:sysEPowerInfo</name>
         <uninitialized>true</uninitialized>
         <run_address>0x49e</run_address>
         <size>0xc</size>
      </object_component>
      <object_component id="oc-38c">
         <name>.common:sysEPowerInfoTmp</name>
         <uninitialized>true</uninitialized>
         <run_address>0x4aa</run_address>
         <size>0xc</size>
      </object_component>
      <object_component id="oc-375">
         <name>.common:sysLogInfo</name>
         <uninitialized>true</uninitialized>
         <run_address>0x4c0</run_address>
         <size>0xa</size>
      </object_component>
      <object_component id="oc-1c1">
         <name>.common:vSample</name>
         <uninitialized>true</uninitialized>
         <run_address>0x32c</run_address>
         <size>0x12c</size>
      </object_component>
      <object_component id="oc-1c2">
         <name>.common:iSample</name>
         <uninitialized>true</uninitialized>
         <run_address>0x200</run_address>
         <size>0x12c</size>
      </object_component>
      <object_component id="oc-1be">
         <name>.common:sd24SampleIndex</name>
         <uninitialized>true</uninitialized>
         <run_address>0x4f2</run_address>
         <size>0x2</size>
      </object_component>
      <object_component id="oc-1c4">
         <name>.common:vZeroPoint1</name>
         <uninitialized>true</uninitialized>
         <run_address>0x500</run_address>
         <size>0x2</size>
      </object_component>
      <object_component id="oc-1c3">
         <name>.common:vZeroPoint2</name>
         <uninitialized>true</uninitialized>
         <run_address>0x502</run_address>
         <size>0x2</size>
      </object_component>
      <object_component id="oc-1c6">
         <name>.common:iZeroPoint1</name>
         <uninitialized>true</uninitialized>
         <run_address>0x4ec</run_address>
         <size>0x2</size>
      </object_component>
      <object_component id="oc-1c5">
         <name>.common:iZeroPoint2</name>
         <uninitialized>true</uninitialized>
         <run_address>0x4ee</run_address>
         <size>0x2</size>
      </object_component>
      <object_component id="oc-485">
         <name>.common:voltRms</name>
         <uninitialized>true</uninitialized>
         <run_address>0x4de</run_address>
         <size>0x4</size>
      </object_component>
      <object_component id="oc-467">
         <name>.common:currentRms</name>
         <uninitialized>true</uninitialized>
         <run_address>0x4ca</run_address>
         <size>0x4</size>
      </object_component>
      <object_component id="oc-4a3">
         <name>.common:powerApperent</name>
         <uninitialized>true</uninitialized>
         <run_address>0x4d2</run_address>
         <size>0x4</size>
      </object_component>
      <object_component id="oc-490">
         <name>.common:powerActive</name>
         <uninitialized>true</uninitialized>
         <run_address>0x4ce</run_address>
         <size>0x4</size>
      </object_component>
      <object_component id="oc-49c">
         <name>.common:powerFreq</name>
         <uninitialized>true</uninitialized>
         <run_address>0x4da</run_address>
         <size>0x4</size>
      </object_component>
      <object_component id="oc-4a4">
         <name>.common:powerFactor</name>
         <uninitialized>true</uninitialized>
         <run_address>0x4d6</run_address>
         <size>0x4</size>
      </object_component>
      <object_component id="oc-496">
         <name>.common:EPOWER_tmp</name>
         <uninitialized>true</uninitialized>
         <run_address>0x492</run_address>
         <size>0xc</size>
      </object_component>
      <object_component id="oc-1d4">
         <name>.common:rtcStatus</name>
         <uninitialized>true</uninitialized>
         <run_address>0x4f0</run_address>
         <size>0x2</size>
      </object_component>
      <object_component id="oc-1fb">
         <name>.common:i2cRxBuffer</name>
         <uninitialized>true</uninitialized>
         <run_address>0x4e8</run_address>
         <size>0x2</size>
      </object_component>
      <object_component id="oc-1e8">
         <name>.common:i2cTxBuffer</name>
         <uninitialized>true</uninitialized>
         <run_address>0x4ea</run_address>
         <size>0x2</size>
      </object_component>
      <object_component id="oc-1d1">
         <name>.common:i2cCount</name>
         <uninitialized>true</uninitialized>
         <run_address>0x4e4</run_address>
         <size>0x2</size>
      </object_component>
      <object_component id="oc-1db">
         <name>.common:i2cIndex</name>
         <uninitialized>true</uninitialized>
         <run_address>0x4e6</run_address>
         <size>0x2</size>
      </object_component>
      <object_component id="oc-20c">
         <name>.common:serialTxBuffer</name>
         <uninitialized>true</uninitialized>
         <run_address>0x4fa</run_address>
         <size>0x2</size>
      </object_component>
      <object_component id="oc-216">
         <name>.common:serialRxBuffer</name>
         <uninitialized>true</uninitialized>
         <run_address>0x4b6</run_address>
         <size>0xa</size>
      </object_component>
      <object_component id="oc-214">
         <name>.common:serialRxStatus</name>
         <uninitialized>true</uninitialized>
         <run_address>0x4f8</run_address>
         <size>0x2</size>
      </object_component>
      <object_component id="oc-20d">
         <name>.common:serialTxCount</name>
         <uninitialized>true</uninitialized>
         <run_address>0x4fc</run_address>
         <size>0x2</size>
      </object_component>
      <object_component id="oc-217">
         <name>.common:serialRxCount</name>
         <uninitialized>true</uninitialized>
         <run_address>0x4f4</run_address>
         <size>0x2</size>
      </object_component>
      <object_component id="oc-209">
         <name>.common:serialTxIndex</name>
         <uninitialized>true</uninitialized>
         <run_address>0x4fe</run_address>
         <size>0x2</size>
      </object_component>
      <object_component id="oc-215">
         <name>.common:serialRxIndex</name>
         <uninitialized>true</uninitialized>
         <run_address>0x4f6</run_address>
         <size>0x2</size>
      </object_component>
      <object_component id="oc-411">
         <name>.common:uartCfg</name>
         <uninitialized>true</uninitialized>
         <run_address>0x482</run_address>
         <size>0x10</size>
      </object_component>
      <object_component id="oc-3a7">
         <name>.data:appVersionStr</name>
         <load_address>0x554</load_address>
         <run_address>0x554</run_address>
         <size>0x8</size>
         <input_file_ref idref="fl-3"/>
      </object_component>
      <object_component id="oc-21e">
         <name>.data:sysTime</name>
         <load_address>0x56b</load_address>
         <run_address>0x56b</run_address>
         <size>0x7</size>
         <input_file_ref idref="fl-3"/>
      </object_component>
      <object_component id="oc-372">
         <name>.data:sysTimeTmp</name>
         <load_address>0x572</load_address>
         <run_address>0x572</run_address>
         <size>0x7</size>
         <input_file_ref idref="fl-3"/>
      </object_component>
      <object_component id="oc-3b0">
         <name>.data:sysNextTime</name>
         <load_address>0x564</load_address>
         <run_address>0x564</run_address>
         <size>0x7</size>
         <input_file_ref idref="fl-3"/>
      </object_component>
      <object_component id="oc-19b">
         <name>.data</name>
         <load_address>0x526</load_address>
         <run_address>0x526</run_address>
         <size>0x16</size>
         <input_file_ref idref="fl-3"/>
      </object_component>
      <object_component id="oc-3a4">
         <name>.data:sysSchedule</name>
         <load_address>0x506</load_address>
         <run_address>0x506</run_address>
         <size>0x20</size>
         <input_file_ref idref="fl-3"/>
      </object_component>
      <object_component id="oc-39a">
         <name>.data:passwd</name>
         <load_address>0x55c</load_address>
         <run_address>0x55c</run_address>
         <size>0x8</size>
         <input_file_ref idref="fl-3"/>
      </object_component>
      <object_component id="oc-2be">
         <name>.data:yearDays$5</name>
         <load_address>0x548</load_address>
         <run_address>0x548</run_address>
         <size>0xc</size>
         <input_file_ref idref="fl-3"/>
      </object_component>
      <object_component id="oc-425">
         <name>.data:sd24Cfg</name>
         <load_address>0x53c</load_address>
         <run_address>0x53c</run_address>
         <size>0xc</size>
         <input_file_ref idref="fl-12"/>
      </object_component>
      <object_component id="oc-4ed">
         <name>.data</name>
         <load_address>0x57a</load_address>
         <run_address>0x57a</run_address>
         <size>0x2</size>
         <input_file_ref idref="fl-60"/>
      </object_component>
      <object_component id="oc-f1">
         <name>.stack</name>
         <uninitialized>true</uninitialized>
         <run_address>0x9b0</run_address>
         <size>0x2</size>
         <input_file_ref idref="fl-4f"/>
      </object_component>
      <object_component id="oc-589">
         <name>.stack</name>
         <uninitialized>true</uninitialized>
         <run_address>0x9b0</run_address>
         <size>0x0</size>
      </object_component>
      <object_component id="oc-2f1">
         <name>.text:serialService</name>
         <load_address>0x8000</load_address>
         <run_address>0x8000</run_address>
         <size>0x55e</size>
         <input_file_ref idref="fl-3"/>
      </object_component>
      <object_component id="oc-3bf">
         <name>.text:EPOWER_calc</name>
         <load_address>0x855e</load_address>
         <run_address>0x855e</run_address>
         <size>0x4aa</size>
         <input_file_ref idref="fl-12"/>
      </object_component>
      <object_component id="oc-503">
         <name>.text:__TI_frcmpyd</name>
         <load_address>0x8a08</load_address>
         <run_address>0x8a08</run_address>
         <size>0x286</size>
         <input_file_ref idref="fl-62"/>
      </object_component>
      <object_component id="oc-479">
         <name>.text:__mspabi_mpyd</name>
         <load_address>0x8c8e</load_address>
         <run_address>0x8c8e</run_address>
         <size>0x26e</size>
         <input_file_ref idref="fl-5b"/>
      </object_component>
      <object_component id="oc-2f7">
         <name>.text:rtcService</name>
         <load_address>0x8efc</load_address>
         <run_address>0x8efc</run_address>
         <size>0x226</size>
         <input_file_ref idref="fl-3"/>
      </object_component>
      <object_component id="oc-221">
         <name>.text:softwareRTCPlus1sec</name>
         <load_address>0x9122</load_address>
         <run_address>0x9122</run_address>
         <size>0x200</size>
         <input_file_ref idref="fl-3"/>
      </object_component>
      <object_component id="oc-12d">
         <name>.text:SD24_ISR</name>
         <load_address>0x9322</load_address>
         <run_address>0x9322</run_address>
         <size>0x170</size>
         <input_file_ref idref="fl-12"/>
      </object_component>
      <object_component id="oc-2cd">
         <name>.text:sysInit</name>
         <load_address>0x9492</load_address>
         <run_address>0x9492</run_address>
         <size>0x162</size>
         <input_file_ref idref="fl-3"/>
      </object_component>
      <object_component id="oc-46d">
         <name>.text:sqrtf</name>
         <load_address>0x95f4</load_address>
         <run_address>0x95f4</run_address>
         <size>0x13c</size>
         <input_file_ref idref="fl-2f"/>
      </object_component>
      <object_component id="oc-4e8">
         <name>.text</name>
         <load_address>0x9730</load_address>
         <run_address>0x9730</run_address>
         <size>0x132</size>
         <input_file_ref idref="fl-36"/>
      </object_component>
      <object_component id="oc-49d">
         <name>.text:__mspabi_cmpd</name>
         <load_address>0x9862</load_address>
         <run_address>0x9862</run_address>
         <size>0xdc</size>
         <input_file_ref idref="fl-59"/>
      </object_component>
      <object_component id="oc-133">
         <name>.text:USCIB0_ISR</name>
         <load_address>0x993e</load_address>
         <run_address>0x993e</run_address>
         <size>0xd2</size>
         <input_file_ref idref="fl-13"/>
      </object_component>
      <object_component id="oc-497">
         <name>.text</name>
         <load_address>0x9a10</load_address>
         <run_address>0x9a10</run_address>
         <size>0xc4</size>
         <input_file_ref idref="fl-3a"/>
      </object_component>
      <object_component id="oc-139">
         <name>.text:EUSCI_A0_ISR</name>
         <load_address>0x9ad4</load_address>
         <run_address>0x9ad4</run_address>
         <size>0xc0</size>
         <input_file_ref idref="fl-14"/>
      </object_component>
      <object_component id="oc-233">
         <name>.text:main</name>
         <load_address>0x9b94</load_address>
         <run_address>0x9b94</run_address>
         <size>0x9e</size>
         <input_file_ref idref="fl-3"/>
      </object_component>
      <object_component id="oc-468">
         <name>.text</name>
         <load_address>0x9c32</load_address>
         <run_address>0x9c32</run_address>
         <size>0x9c</size>
         <input_file_ref idref="fl-38"/>
      </object_component>
      <object_component id="oc-412">
         <name>.text:EUSCI_A_UART_init</name>
         <load_address>0x9cce</load_address>
         <run_address>0x9cce</run_address>
         <size>0x96</size>
         <input_file_ref idref="fl-6"/>
      </object_component>
      <object_component id="oc-47f">
         <name>.text:__mspabi_cvtdf</name>
         <load_address>0x9d64</load_address>
         <run_address>0x9d64</run_address>
         <size>0x8c</size>
         <input_file_ref idref="fl-58"/>
      </object_component>
      <object_component id="oc-366">
         <name>.text:EPOWER_init</name>
         <load_address>0x9df0</load_address>
         <run_address>0x9df0</run_address>
         <size>0x88</size>
         <input_file_ref idref="fl-12"/>
      </object_component>
      <object_component id="oc-122">
         <name>.text:PORT1_ISR</name>
         <load_address>0x9e78</load_address>
         <run_address>0x9e78</run_address>
         <size>0x88</size>
         <input_file_ref idref="fl-3"/>
      </object_component>
      <object_component id="oc-22d">
         <name>.text:_system_pre_init</name>
         <load_address>0x9f00</load_address>
         <run_address>0x9f00</run_address>
         <size>0x86</size>
         <input_file_ref idref="fl-2"/>
      </object_component>
      <object_component id="oc-30">
         <name>.text:decompress:lzss:__TI_decompress_lzss</name>
         <load_address>0x9f86</load_address>
         <run_address>0x9f86</run_address>
         <size>0x7c</size>
         <input_file_ref idref="fl-57"/>
      </object_component>
      <object_component id="oc-473">
         <name>.text:__mspabi_cvtfd</name>
         <load_address>0xa002</load_address>
         <run_address>0xa002</run_address>
         <size>0x72</size>
         <input_file_ref idref="fl-5a"/>
      </object_component>
      <object_component id="oc-2f9">
         <name>.text:epowerService</name>
         <load_address>0xa074</load_address>
         <run_address>0xa074</run_address>
         <size>0x72</size>
         <input_file_ref idref="fl-3"/>
      </object_component>
      <object_component id="oc-360">
         <name>.text:SERIAL_init</name>
         <load_address>0xa0e6</load_address>
         <run_address>0xa0e6</run_address>
         <size>0x5e</size>
         <input_file_ref idref="fl-14"/>
      </object_component>
      <object_component id="oc-53a">
         <name>.text:l_lsr_const</name>
         <load_address>0xa144</load_address>
         <run_address>0xa144</run_address>
         <size>0x5c</size>
         <input_file_ref idref="fl-63"/>
      </object_component>
      <object_component id="oc-3ba">
         <name>.text</name>
         <load_address>0xa1a0</load_address>
         <run_address>0xa1a0</run_address>
         <size>0x58</size>
         <input_file_ref idref="fl-34"/>
      </object_component>
      <object_component id="oc-fa">
         <name>.text</name>
         <load_address>0xa1f8</load_address>
         <run_address>0xa1f8</run_address>
         <size>0x4c</size>
         <input_file_ref idref="fl-47"/>
      </object_component>
      <object_component id="oc-486">
         <name>.text</name>
         <load_address>0xa244</load_address>
         <run_address>0xa244</run_address>
         <size>0x4a</size>
         <input_file_ref idref="fl-37"/>
      </object_component>
      <object_component id="oc-48b">
         <name>.text</name>
         <load_address>0xa28e</load_address>
         <run_address>0xa28e</run_address>
         <size>0x4a</size>
         <input_file_ref idref="fl-39"/>
      </object_component>
      <object_component id="oc-428">
         <name>.text:SD24_initConverterAdvanced</name>
         <load_address>0xa2d8</load_address>
         <run_address>0xa2d8</run_address>
         <size>0x46</size>
         <input_file_ref idref="fl-d"/>
      </object_component>
      <object_component id="oc-491">
         <name>.text</name>
         <load_address>0xa31e</load_address>
         <run_address>0xa31e</run_address>
         <size>0x46</size>
         <input_file_ref idref="fl-3b"/>
      </object_component>
      <object_component id="oc-30c">
         <name>.text:__TI_auto_init_nobinit_nopinit:__TI_auto_init_nobinit_nopinit</name>
         <load_address>0xa364</load_address>
         <run_address>0xa364</run_address>
         <size>0x42</size>
         <input_file_ref idref="fl-50"/>
      </object_component>
      <object_component id="oc-40b">
         <name>.text:GPIO_setAsPeripheralModuleFunctionInputPin</name>
         <load_address>0xa3a6</load_address>
         <run_address>0xa3a6</run_address>
         <size>0x40</size>
         <input_file_ref idref="fl-a"/>
      </object_component>
      <object_component id="oc-4f7">
         <name>.text:l_asr_const</name>
         <load_address>0xa3e6</load_address>
         <run_address>0xa3e6</run_address>
         <size>0x3e</size>
         <input_file_ref idref="fl-31"/>
      </object_component>
      <object_component id="oc-510">
         <name>.text:l_lsl_const</name>
         <load_address>0xa424</load_address>
         <run_address>0xa424</run_address>
         <size>0x3e</size>
         <input_file_ref idref="fl-46"/>
      </object_component>
      <object_component id="oc-36c">
         <name>.text:FlashCtl_setupClock</name>
         <load_address>0xa462</load_address>
         <run_address>0xa462</run_address>
         <size>0x36</size>
         <input_file_ref idref="fl-9"/>
      </object_component>
      <object_component id="oc-462">
         <name>.text</name>
         <load_address>0xa498</load_address>
         <run_address>0xa498</run_address>
         <size>0x32</size>
         <input_file_ref idref="fl-3c"/>
      </object_component>
      <object_component id="oc-354">
         <name>.text:CS_setupDCO</name>
         <load_address>0xa4ca</load_address>
         <run_address>0xa4ca</run_address>
         <size>0x2e</size>
         <input_file_ref idref="fl-4"/>
      </object_component>
      <object_component id="oc-37f">
         <name>.text:FlashCtl_write8</name>
         <load_address>0xa4f8</load_address>
         <run_address>0xa4f8</run_address>
         <size>0x2e</size>
         <input_file_ref idref="fl-9"/>
      </object_component>
      <object_component id="oc-45d">
         <name>.text</name>
         <load_address>0xa526</load_address>
         <run_address>0xa526</run_address>
         <size>0x2e</size>
         <input_file_ref idref="fl-4c"/>
      </object_component>
      <object_component id="oc-2bf">
         <name>.text</name>
         <load_address>0xa554</load_address>
         <run_address>0xa554</run_address>
         <size>0x2c</size>
         <input_file_ref idref="fl-30"/>
      </object_component>
      <object_component id="oc-2c4">
         <name>.text</name>
         <load_address>0xa580</load_address>
         <run_address>0xa580</run_address>
         <size>0x2c</size>
         <input_file_ref idref="fl-32"/>
      </object_component>
      <object_component id="oc-f5">
         <name>.text</name>
         <load_address>0xa5ac</load_address>
         <run_address>0xa5ac</run_address>
         <size>0x2c</size>
         <input_file_ref idref="fl-45"/>
      </object_component>
      <object_component id="oc-35a">
         <name>.text:CS_initClockSignal</name>
         <load_address>0xa5d8</load_address>
         <run_address>0xa5d8</run_address>
         <size>0x28</size>
         <input_file_ref idref="fl-4"/>
      </object_component>
      <object_component id="oc-3cb">
         <name>.text:EPOWER_startConversion</name>
         <load_address>0xa600</load_address>
         <run_address>0xa600</run_address>
         <size>0x26</size>
         <input_file_ref idref="fl-12"/>
      </object_component>
      <object_component id="oc-379">
         <name>.text:FlashCtl_eraseSegment</name>
         <load_address>0xa626</load_address>
         <run_address>0xa626</run_address>
         <size>0x24</size>
         <input_file_ref idref="fl-9"/>
      </object_component>
      <object_component id="oc-42e">
         <name>.text:SD24_enableInterrupt</name>
         <load_address>0xa64a</load_address>
         <run_address>0xa64a</run_address>
         <size>0x24</size>
         <input_file_ref idref="fl-d"/>
      </object_component>
      <object_component id="oc-41f">
         <name>.text:SD24_init</name>
         <load_address>0xa66e</load_address>
         <run_address>0xa66e</run_address>
         <size>0x24</size>
         <input_file_ref idref="fl-d"/>
      </object_component>
      <object_component id="oc-13f">
         <name>.text:WDT_ISR</name>
         <load_address>0xa692</load_address>
         <run_address>0xa692</run_address>
         <size>0x24</size>
         <input_file_ref idref="fl-3"/>
      </object_component>
      <object_component id="oc-458">
         <name>.text</name>
         <load_address>0xa6b6</load_address>
         <run_address>0xa6b6</run_address>
         <size>0x24</size>
         <input_file_ref idref="fl-3d"/>
      </object_component>
      <object_component id="oc-38e">
         <name>.text:EUSCI_B_I2C_masterSendMultiByteStart</name>
         <load_address>0xa6da</load_address>
         <run_address>0xa6da</run_address>
         <size>0x22</size>
         <input_file_ref idref="fl-7"/>
      </object_component>
      <object_component id="oc-39e">
         <name>.text:SERIAL_send</name>
         <load_address>0xa6fc</load_address>
         <run_address>0xa6fc</run_address>
         <size>0x22</size>
         <input_file_ref idref="fl-14"/>
      </object_component>
      <object_component id="oc-34e">
         <name>.text:GPIO_setAsInputPin</name>
         <load_address>0xa71e</load_address>
         <run_address>0xa71e</run_address>
         <size>0x1e</size>
         <input_file_ref idref="fl-a"/>
      </object_component>
      <object_component id="oc-385">
         <name>.text:GPIO_setAsOutputPin</name>
         <load_address>0xa73c</load_address>
         <run_address>0xa73c</run_address>
         <size>0x1e</size>
         <input_file_ref idref="fl-a"/>
      </object_component>
      <object_component id="oc-2d3">
         <name>.text:RTC_writeTimeToSlave</name>
         <load_address>0xa75a</load_address>
         <run_address>0xa75a</run_address>
         <size>0x1e</size>
         <input_file_ref idref="fl-13"/>
      </object_component>
      <object_component id="oc-157">
         <name>.text:_c_int00_noargs</name>
         <load_address>0xa778</load_address>
         <run_address>0xa778</run_address>
         <size>0x1c</size>
         <input_file_ref idref="fl-4f"/>
      </object_component>
      <object_component id="oc-20e">
         <name>.text:EUSCI_A_UART_disableInterrupt</name>
         <load_address>0xa794</load_address>
         <run_address>0xa794</run_address>
         <size>0x1a</size>
         <input_file_ref idref="fl-6"/>
      </object_component>
      <object_component id="oc-441">
         <name>.text:EUSCI_A_UART_enableInterrupt</name>
         <load_address>0xa7ae</load_address>
         <run_address>0xa7ae</run_address>
         <size>0x1a</size>
         <input_file_ref idref="fl-6"/>
      </object_component>
      <object_component id="oc-1a4">
         <name>.text:GPIO_getInputPinValue</name>
         <load_address>0xa7c8</load_address>
         <run_address>0xa7c8</run_address>
         <size>0x1a</size>
         <input_file_ref idref="fl-a"/>
      </object_component>
      <object_component id="oc-3b3">
         <name>.text:SERIAL_startRx</name>
         <load_address>0xa7e2</load_address>
         <run_address>0xa7e2</run_address>
         <size>0x1a</size>
         <input_file_ref idref="fl-14"/>
      </object_component>
      <object_component id="oc-348">
         <name>.text:GPIO_clearInterrupt</name>
         <load_address>0xa7fc</load_address>
         <run_address>0xa7fc</run_address>
         <size>0x16</size>
         <input_file_ref idref="fl-a"/>
      </object_component>
      <object_component id="oc-1aa">
         <name>.text:GPIO_setOutputHighOnPin</name>
         <load_address>0xa812</load_address>
         <run_address>0xa812</run_address>
         <size>0x16</size>
         <input_file_ref idref="fl-a"/>
      </object_component>
      <object_component id="oc-1b0">
         <name>.text:GPIO_setOutputLowOnPin</name>
         <load_address>0xa828</load_address>
         <run_address>0xa828</run_address>
         <size>0x16</size>
         <input_file_ref idref="fl-a"/>
      </object_component>
      <object_component id="oc-1b6">
         <name>.text:GPIO_toggleOutputOnPin</name>
         <load_address>0xa83e</load_address>
         <run_address>0xa83e</run_address>
         <size>0x16</size>
         <input_file_ref idref="fl-a"/>
      </object_component>
      <object_component id="oc-3aa">
         <name>.text:WDT_hold</name>
         <load_address>0xa854</load_address>
         <run_address>0xa854</run_address>
         <size>0x16</size>
         <input_file_ref idref="fl-11"/>
      </object_component>
      <object_component id="oc-2b9">
         <name>.text</name>
         <load_address>0xa86a</load_address>
         <run_address>0xa86a</run_address>
         <size>0x16</size>
         <input_file_ref idref="fl-33"/>
      </object_component>
      <object_component id="oc-1e9">
         <name>.text:EUSCI_B_I2C_masterSendMultiByteNext</name>
         <load_address>0xa880</load_address>
         <run_address>0xa880</run_address>
         <size>0x14</size>
         <input_file_ref idref="fl-7"/>
      </object_component>
      <object_component id="oc-145">
         <name>.text:decompress:ZI:__TI_zero_init_nomemset:__TI_zero_init_nomemset</name>
         <load_address>0xa894</load_address>
         <run_address>0xa894</run_address>
         <size>0x14</size>
         <input_file_ref idref="fl-51"/>
      </object_component>
      <object_component id="oc-2b4">
         <name>.text</name>
         <load_address>0xa8a8</load_address>
         <run_address>0xa8a8</run_address>
         <size>0x14</size>
         <input_file_ref idref="fl-49"/>
      </object_component>
      <object_component id="oc-3c5">
         <name>.text:EPOWER_getInfo</name>
         <load_address>0xa8bc</load_address>
         <run_address>0xa8bc</run_address>
         <size>0x12</size>
         <input_file_ref idref="fl-12"/>
      </object_component>
      <object_component id="oc-1d5">
         <name>.text:EUSCI_B_I2C_masterSendMultiByteStop</name>
         <load_address>0xa8ce</load_address>
         <run_address>0xa8ce</run_address>
         <size>0x12</size>
         <input_file_ref idref="fl-7"/>
      </object_component>
      <object_component id="oc-4a7">
         <name>.text:SD24_startConverterConversion</name>
         <load_address>0xa8e0</load_address>
         <run_address>0xa8e0</run_address>
         <size>0x12</size>
         <input_file_ref idref="fl-d"/>
      </object_component>
      <object_component id="oc-1c7">
         <name>.text:SD24_stopConverterConversion</name>
         <load_address>0xa8f2</load_address>
         <run_address>0xa8f2</run_address>
         <size>0x12</size>
         <input_file_ref idref="fl-d"/>
      </object_component>
      <object_component id="oc-2d9">
         <name>.text:WDT_resetTimer</name>
         <load_address>0xa904</load_address>
         <run_address>0xa904</run_address>
         <size>0x12</size>
         <input_file_ref idref="fl-11"/>
      </object_component>
      <object_component id="oc-2eb">
         <name>.text:WDT_start</name>
         <load_address>0xa916</load_address>
         <run_address>0xa916</run_address>
         <size>0x12</size>
         <input_file_ref idref="fl-11"/>
      </object_component>
      <object_component id="oc-36">
         <name>.text:decompress:none:__TI_decompress_none</name>
         <load_address>0xa928</load_address>
         <run_address>0xa928</run_address>
         <size>0x12</size>
         <input_file_ref idref="fl-56"/>
      </object_component>
      <object_component id="oc-10f">
         <name>.text:memcpy</name>
         <load_address>0xa93a</load_address>
         <run_address>0xa93a</run_address>
         <size>0x12</size>
         <input_file_ref idref="fl-5f"/>
      </object_component>
      <object_component id="oc-2df">
         <name>.text:WDT_initIntervalTimer</name>
         <load_address>0xa94c</load_address>
         <run_address>0xa94c</run_address>
         <size>0x10</size>
         <input_file_ref idref="fl-11"/>
      </object_component>
      <object_component id="oc-ff">
         <name>.text</name>
         <load_address>0xa95c</load_address>
         <run_address>0xa95c</run_address>
         <size>0x10</size>
         <input_file_ref idref="fl-35"/>
      </object_component>
      <object_component id="oc-1e2">
         <name>.text:EUSCI_B_I2C_masterReceiveStart</name>
         <load_address>0xa96c</load_address>
         <run_address>0xa96c</run_address>
         <size>0xc</size>
         <input_file_ref idref="fl-7"/>
      </object_component>
      <object_component id="oc-11c">
         <name>.text:PORT2_ISR</name>
         <load_address>0xa978</load_address>
         <run_address>0xa978</run_address>
         <size>0xa</size>
         <input_file_ref idref="fl-3"/>
      </object_component>
      <object_component id="oc-44f">
         <name>.text:EUSCI_A_UART_clearInterrupt</name>
         <load_address>0xa982</load_address>
         <run_address>0xa982</run_address>
         <size>0x8</size>
         <input_file_ref idref="fl-6"/>
      </object_component>
      <object_component id="oc-1f5">
         <name>.text:EUSCI_B_I2C_masterReceiveMultiByteNext</name>
         <load_address>0xa98a</load_address>
         <run_address>0xa98a</run_address>
         <size>0x8</size>
         <input_file_ref idref="fl-7"/>
      </object_component>
      <object_component id="oc-128">
         <name>.text:_isr:__TI_ISR_TRAP</name>
         <load_address>0xa992</load_address>
         <run_address>0xa992</run_address>
         <size>0x8</size>
         <input_file_ref idref="fl-44"/>
      </object_component>
      <object_component id="oc-418">
         <name>.text:EUSCI_A_UART_enable</name>
         <load_address>0xa99a</load_address>
         <run_address>0xa99a</run_address>
         <size>0x6</size>
         <input_file_ref idref="fl-6"/>
      </object_component>
      <object_component id="oc-1dc">
         <name>.text:EUSCI_B_I2C_clearInterrupt</name>
         <load_address>0xa9a0</load_address>
         <run_address>0xa9a0</run_address>
         <size>0x6</size>
         <input_file_ref idref="fl-7"/>
      </object_component>
      <object_component id="oc-1fc">
         <name>.text:EUSCI_B_I2C_disableInterrupt</name>
         <load_address>0xa9a6</load_address>
         <run_address>0xa9a6</run_address>
         <size>0x6</size>
         <input_file_ref idref="fl-7"/>
      </object_component>
      <object_component id="oc-1ef">
         <name>.text:EUSCI_B_I2C_masterReceiveMultiByteStop</name>
         <load_address>0xa9ac</load_address>
         <run_address>0xa9ac</run_address>
         <size>0x6</size>
         <input_file_ref idref="fl-7"/>
      </object_component>
      <object_component id="oc-202">
         <name>.text:EUSCI_B_I2C_masterSendStart</name>
         <load_address>0xa9b2</load_address>
         <run_address>0xa9b2</run_address>
         <size>0x6</size>
         <input_file_ref idref="fl-7"/>
      </object_component>
      <object_component id="oc-2e5">
         <name>.text:SFR_enableInterrupt</name>
         <load_address>0xa9b8</load_address>
         <run_address>0xa9b8</run_address>
         <size>0x6</size>
         <input_file_ref idref="fl-e"/>
      </object_component>
      <object_component id="oc-300">
         <name>.text:abort</name>
         <load_address>0xa9be</load_address>
         <run_address>0xa9be</run_address>
         <size>0x6</size>
         <input_file_ref idref="fl-5c"/>
      </object_component>
      <object_component id="oc-3e4">
         <name>.text:_system_post_cinit</name>
         <load_address>0xa9c4</load_address>
         <run_address>0xa9c4</run_address>
         <size>0x2</size>
         <input_file_ref idref="fl-55"/>
      </object_component>
      <object_component id="oc-588">
         <name>.cinit..data.load</name>
         <load_address>0xa9ec</load_address>
         <run_address>0xa9ec</run_address>
         <size>0x2f</size>
      </object_component>
      <object_component id="oc-585">
         <name>__TI_handler_table</name>
         <load_address>0xaa1c</load_address>
         <run_address>0xaa1c</run_address>
         <size>0x6</size>
      </object_component>
      <object_component id="oc-587">
         <name>.cinit..bss.load</name>
         <load_address>0xaa22</load_address>
         <run_address>0xaa22</run_address>
         <size>0x4</size>
      </object_component>
      <object_component id="oc-586">
         <name>__TI_cinit_table</name>
         <load_address>0xaa26</load_address>
         <run_address>0xaa26</run_address>
         <size>0x8</size>
      </object_component>
      <object_component id="oc-262">
         <name>.const:GPIO_PORT_TO_BASE</name>
         <load_address>0xa9c6</load_address>
         <run_address>0xa9c6</run_address>
         <size>0x1c</size>
         <input_file_ref idref="fl-a"/>
      </object_component>
      <object_component id="oc-376">
         <name>.const:flashSegStart</name>
         <load_address>0xa9e2</load_address>
         <run_address>0xa9e2</run_address>
         <size>0xa</size>
         <input_file_ref idref="fl-3"/>
      </object_component>
      <object_component id="oc-54a">
         <name>.binit</name>
         <load_address>0x8000</load_address>
         <run_address>0x8000</run_address>
         <size>0x0</size>
      </object_component>
      <object_component id="oc-3c">
         <name>.int01</name>
         <load_address>0xffe2</load_address>
         <run_address>0xffe2</run_address>
         <size>0x2</size>
         <input_file_ref idref="fl-3"/>
      </object_component>
      <object_component id="oc-3d">
         <name>.int04</name>
         <load_address>0xffe8</load_address>
         <run_address>0xffe8</run_address>
         <size>0x2</size>
         <input_file_ref idref="fl-3"/>
      </object_component>
      <object_component id="oc-3e">
         <name>.int05</name>
         <load_address>0xffea</load_address>
         <run_address>0xffea</run_address>
         <size>0x2</size>
         <input_file_ref idref="fl-3e"/>
      </object_component>
      <object_component id="oc-3f">
         <name>.int06</name>
         <load_address>0xffec</load_address>
         <run_address>0xffec</run_address>
         <size>0x2</size>
         <input_file_ref idref="fl-3f"/>
      </object_component>
      <object_component id="oc-40">
         <name>.int07</name>
         <load_address>0xffee</load_address>
         <run_address>0xffee</run_address>
         <size>0x2</size>
         <input_file_ref idref="fl-12"/>
      </object_component>
      <object_component id="oc-41">
         <name>.int08</name>
         <load_address>0xfff0</load_address>
         <run_address>0xfff0</run_address>
         <size>0x2</size>
         <input_file_ref idref="fl-13"/>
      </object_component>
      <object_component id="oc-42">
         <name>.int09</name>
         <load_address>0xfff2</load_address>
         <run_address>0xfff2</run_address>
         <size>0x2</size>
         <input_file_ref idref="fl-14"/>
      </object_component>
      <object_component id="oc-43">
         <name>.int10</name>
         <load_address>0xfff4</load_address>
         <run_address>0xfff4</run_address>
         <size>0x2</size>
         <input_file_ref idref="fl-3"/>
      </object_component>
      <object_component id="oc-44">
         <name>.int11</name>
         <load_address>0xfff6</load_address>
         <run_address>0xfff6</run_address>
         <size>0x2</size>
         <input_file_ref idref="fl-40"/>
      </object_component>
      <object_component id="oc-45">
         <name>.int12</name>
         <load_address>0xfff8</load_address>
         <run_address>0xfff8</run_address>
         <size>0x2</size>
         <input_file_ref idref="fl-41"/>
      </object_component>
      <object_component id="oc-46">
         <name>.int13</name>
         <load_address>0xfffa</load_address>
         <run_address>0xfffa</run_address>
         <size>0x2</size>
         <input_file_ref idref="fl-42"/>
      </object_component>
      <object_component id="oc-47">
         <name>.int14</name>
         <load_address>0xfffc</load_address>
         <run_address>0xfffc</run_address>
         <size>0x2</size>
         <input_file_ref idref="fl-43"/>
      </object_component>
      <object_component id="oc-f4">
         <name>.reset</name>
         <load_address>0xfffe</load_address>
         <run_address>0xfffe</run_address>
         <size>0x2</size>
         <input_file_ref idref="fl-4f"/>
      </object_component>
      <object_component id="oc-2cc">
         <name>.debug_info</name>
         <load_address>0x0</load_address>
         <run_address>0x0</run_address>
         <size>0x296</size>
         <input_file_ref idref="fl-2"/>
      </object_component>
      <object_component id="oc-22e">
         <name>.debug_info</name>
         <load_address>0x296</load_address>
         <run_address>0x296</run_address>
         <size>0x1ca</size>
         <input_file_ref idref="fl-2"/>
      </object_component>
      <object_component id="oc-10a">
         <name>.debug_info</name>
         <load_address>0x460</load_address>
         <run_address>0x460</run_address>
         <size>0x84</size>
         <input_file_ref idref="fl-2"/>
      </object_component>
      <object_component id="oc-1ce">
         <name>.debug_info</name>
         <load_address>0x4e4</load_address>
         <run_address>0x4e4</run_address>
         <size>0x86d</size>
         <input_file_ref idref="fl-3"/>
      </object_component>
      <object_component id="oc-3a8">
         <name>.debug_info</name>
         <load_address>0xd51</load_address>
         <run_address>0xd51</run_address>
         <size>0xdf</size>
         <input_file_ref idref="fl-3"/>
      </object_component>
      <object_component id="oc-377">
         <name>.debug_info</name>
         <load_address>0xe30</load_address>
         <run_address>0xe30</run_address>
         <size>0xdf</size>
         <input_file_ref idref="fl-3"/>
      </object_component>
      <object_component id="oc-21f">
         <name>.debug_info</name>
         <load_address>0xf0f</load_address>
         <run_address>0xf0f</run_address>
         <size>0xd3</size>
         <input_file_ref idref="fl-3"/>
      </object_component>
      <object_component id="oc-373">
         <name>.debug_info</name>
         <load_address>0xfe2</load_address>
         <run_address>0xfe2</run_address>
         <size>0xd9</size>
         <input_file_ref idref="fl-3"/>
      </object_component>
      <object_component id="oc-3b1">
         <name>.debug_info</name>
         <load_address>0x10bb</load_address>
         <run_address>0x10bb</run_address>
         <size>0xdb</size>
         <input_file_ref idref="fl-3"/>
      </object_component>
      <object_component id="oc-19c">
         <name>.debug_info</name>
         <load_address>0x1196</load_address>
         <run_address>0x1196</run_address>
         <size>0x17d</size>
         <input_file_ref idref="fl-3"/>
      </object_component>
      <object_component id="oc-3a5">
         <name>.debug_info</name>
         <load_address>0x1313</load_address>
         <run_address>0x1313</run_address>
         <size>0xdb</size>
         <input_file_ref idref="fl-3"/>
      </object_component>
      <object_component id="oc-39b">
         <name>.debug_info</name>
         <load_address>0x13ee</load_address>
         <run_address>0x13ee</run_address>
         <size>0xd1</size>
         <input_file_ref idref="fl-3"/>
      </object_component>
      <object_component id="oc-2ce">
         <name>.debug_info</name>
         <load_address>0x14bf</load_address>
         <run_address>0x14bf</run_address>
         <size>0x35d</size>
         <input_file_ref idref="fl-3"/>
      </object_component>
      <object_component id="oc-19e">
         <name>.debug_info</name>
         <load_address>0x181c</load_address>
         <run_address>0x181c</run_address>
         <size>0x3bd</size>
         <input_file_ref idref="fl-3"/>
      </object_component>
      <object_component id="oc-2f2">
         <name>.debug_info</name>
         <load_address>0x1bd9</load_address>
         <run_address>0x1bd9</run_address>
         <size>0x36e</size>
         <input_file_ref idref="fl-3"/>
      </object_component>
      <object_component id="oc-1a1">
         <name>.debug_info</name>
         <load_address>0x1f47</load_address>
         <run_address>0x1f47</run_address>
         <size>0x305</size>
         <input_file_ref idref="fl-3"/>
      </object_component>
      <object_component id="oc-2fa">
         <name>.debug_info</name>
         <load_address>0x224c</load_address>
         <run_address>0x224c</run_address>
         <size>0x153</size>
         <input_file_ref idref="fl-3"/>
      </object_component>
      <object_component id="oc-234">
         <name>.debug_info</name>
         <load_address>0x239f</load_address>
         <run_address>0x239f</run_address>
         <size>0x202</size>
         <input_file_ref idref="fl-3"/>
      </object_component>
      <object_component id="oc-140">
         <name>.debug_info</name>
         <load_address>0x25a1</load_address>
         <run_address>0x25a1</run_address>
         <size>0x121</size>
         <input_file_ref idref="fl-3"/>
      </object_component>
      <object_component id="oc-11d">
         <name>.debug_info</name>
         <load_address>0x26c2</load_address>
         <run_address>0x26c2</run_address>
         <size>0x10b</size>
         <input_file_ref idref="fl-3"/>
      </object_component>
      <object_component id="oc-123">
         <name>.debug_info</name>
         <load_address>0x27cd</load_address>
         <run_address>0x27cd</run_address>
         <size>0x17f</size>
         <input_file_ref idref="fl-3"/>
      </object_component>
      <object_component id="oc-270">
         <name>.debug_info</name>
         <load_address>0x294c</load_address>
         <run_address>0x294c</run_address>
         <size>0x26b</size>
         <input_file_ref idref="fl-3"/>
      </object_component>
      <object_component id="oc-275">
         <name>.debug_info</name>
         <load_address>0x2bb7</load_address>
         <run_address>0x2bb7</run_address>
         <size>0xb2</size>
         <input_file_ref idref="fl-3"/>
      </object_component>
      <object_component id="oc-2a2">
         <name>.debug_info</name>
         <load_address>0x2c69</load_address>
         <run_address>0x2c69</run_address>
         <size>0xee</size>
         <input_file_ref idref="fl-3"/>
      </object_component>
      <object_component id="oc-28e">
         <name>.debug_info</name>
         <load_address>0x2d57</load_address>
         <run_address>0x2d57</run_address>
         <size>0xf5</size>
         <input_file_ref idref="fl-3"/>
      </object_component>
      <object_component id="oc-293">
         <name>.debug_info</name>
         <load_address>0x2e4c</load_address>
         <run_address>0x2e4c</run_address>
         <size>0xc1</size>
         <input_file_ref idref="fl-3"/>
      </object_component>
      <object_component id="oc-27a">
         <name>.debug_info</name>
         <load_address>0x2f0d</load_address>
         <run_address>0x2f0d</run_address>
         <size>0x14f</size>
         <input_file_ref idref="fl-3"/>
      </object_component>
      <object_component id="oc-26b">
         <name>.debug_info</name>
         <load_address>0x305c</load_address>
         <run_address>0x305c</run_address>
         <size>0xda</size>
         <input_file_ref idref="fl-3"/>
      </object_component>
      <object_component id="oc-287">
         <name>.debug_info</name>
         <load_address>0x3136</load_address>
         <run_address>0x3136</run_address>
         <size>0x1f9</size>
         <input_file_ref idref="fl-3"/>
      </object_component>
      <object_component id="oc-282">
         <name>.debug_info</name>
         <load_address>0x332f</load_address>
         <run_address>0x332f</run_address>
         <size>0xda</size>
         <input_file_ref idref="fl-3"/>
      </object_component>
      <object_component id="oc-25d">
         <name>.debug_info</name>
         <load_address>0x3409</load_address>
         <run_address>0x3409</run_address>
         <size>0x8b</size>
         <input_file_ref idref="fl-3"/>
      </object_component>
      <object_component id="oc-2ad">
         <name>.debug_info</name>
         <load_address>0x3494</load_address>
         <run_address>0x3494</run_address>
         <size>0x275</size>
         <input_file_ref idref="fl-3"/>
      </object_component>
      <object_component id="oc-219">
         <name>.debug_info</name>
         <load_address>0x3709</load_address>
         <run_address>0x3709</run_address>
         <size>0xbb</size>
         <input_file_ref idref="fl-3"/>
      </object_component>
      <object_component id="oc-355">
         <name>.debug_info</name>
         <load_address>0x37c4</load_address>
         <run_address>0x37c4</run_address>
         <size>0x13f</size>
         <input_file_ref idref="fl-4"/>
      </object_component>
      <object_component id="oc-35b">
         <name>.debug_info</name>
         <load_address>0x3903</load_address>
         <run_address>0x3903</run_address>
         <size>0x20a</size>
         <input_file_ref idref="fl-4"/>
      </object_component>
      <object_component id="oc-4d8">
         <name>.debug_info</name>
         <load_address>0x3b0d</load_address>
         <run_address>0x3b0d</run_address>
         <size>0x156</size>
         <input_file_ref idref="fl-6"/>
      </object_component>
      <object_component id="oc-414">
         <name>.debug_info</name>
         <load_address>0x3c63</load_address>
         <run_address>0x3c63</run_address>
         <size>0x1f0</size>
         <input_file_ref idref="fl-6"/>
      </object_component>
      <object_component id="oc-442">
         <name>.debug_info</name>
         <load_address>0x3e53</load_address>
         <run_address>0x3e53</run_address>
         <size>0x1d4</size>
         <input_file_ref idref="fl-6"/>
      </object_component>
      <object_component id="oc-419">
         <name>.debug_info</name>
         <load_address>0x4027</load_address>
         <run_address>0x4027</run_address>
         <size>0x189</size>
         <input_file_ref idref="fl-6"/>
      </object_component>
      <object_component id="oc-20f">
         <name>.debug_info</name>
         <load_address>0x41b0</load_address>
         <run_address>0x41b0</run_address>
         <size>0x1d6</size>
         <input_file_ref idref="fl-6"/>
      </object_component>
      <object_component id="oc-450">
         <name>.debug_info</name>
         <load_address>0x4386</load_address>
         <run_address>0x4386</run_address>
         <size>0x1bb</size>
         <input_file_ref idref="fl-6"/>
      </object_component>
      <object_component id="oc-204">
         <name>.debug_info</name>
         <load_address>0x4541</load_address>
         <run_address>0x4541</run_address>
         <size>0x199</size>
         <input_file_ref idref="fl-7"/>
      </object_component>
      <object_component id="oc-1d8">
         <name>.debug_info</name>
         <load_address>0x46da</load_address>
         <run_address>0x46da</run_address>
         <size>0x1a9</size>
         <input_file_ref idref="fl-7"/>
      </object_component>
      <object_component id="oc-391">
         <name>.debug_info</name>
         <load_address>0x4883</load_address>
         <run_address>0x4883</run_address>
         <size>0x1f2</size>
         <input_file_ref idref="fl-7"/>
      </object_component>
      <object_component id="oc-1ec">
         <name>.debug_info</name>
         <load_address>0x4a75</load_address>
         <run_address>0x4a75</run_address>
         <size>0x1d3</size>
         <input_file_ref idref="fl-7"/>
      </object_component>
      <object_component id="oc-1e5">
         <name>.debug_info</name>
         <load_address>0x4c48</load_address>
         <run_address>0x4c48</run_address>
         <size>0x19f</size>
         <input_file_ref idref="fl-7"/>
      </object_component>
      <object_component id="oc-1f2">
         <name>.debug_info</name>
         <load_address>0x4de7</load_address>
         <run_address>0x4de7</run_address>
         <size>0x1af</size>
         <input_file_ref idref="fl-7"/>
      </object_component>
      <object_component id="oc-1f8">
         <name>.debug_info</name>
         <load_address>0x4f96</load_address>
         <run_address>0x4f96</run_address>
         <size>0x1b3</size>
         <input_file_ref idref="fl-7"/>
      </object_component>
      <object_component id="oc-1fe">
         <name>.debug_info</name>
         <load_address>0x5149</load_address>
         <run_address>0x5149</run_address>
         <size>0x1ba</size>
         <input_file_ref idref="fl-7"/>
      </object_component>
      <object_component id="oc-1de">
         <name>.debug_info</name>
         <load_address>0x5303</load_address>
         <run_address>0x5303</run_address>
         <size>0x1b6</size>
         <input_file_ref idref="fl-7"/>
      </object_component>
      <object_component id="oc-43b">
         <name>.debug_info</name>
         <load_address>0x54b9</load_address>
         <run_address>0x54b9</run_address>
         <size>0x1f3</size>
         <input_file_ref idref="fl-9"/>
      </object_component>
      <object_component id="oc-380">
         <name>.debug_info</name>
         <load_address>0x56ac</load_address>
         <run_address>0x56ac</run_address>
         <size>0x1c5</size>
         <input_file_ref idref="fl-9"/>
      </object_component>
      <object_component id="oc-36e">
         <name>.debug_info</name>
         <load_address>0x5871</load_address>
         <run_address>0x5871</run_address>
         <size>0x24d</size>
         <input_file_ref idref="fl-9"/>
      </object_component>
      <object_component id="oc-37a">
         <name>.debug_info</name>
         <load_address>0x5abe</load_address>
         <run_address>0x5abe</run_address>
         <size>0x179</size>
         <input_file_ref idref="fl-9"/>
      </object_component>
      <object_component id="oc-341">
         <name>.debug_info</name>
         <load_address>0x5c37</load_address>
         <run_address>0x5c37</run_address>
         <size>0x15b</size>
         <input_file_ref idref="fl-a"/>
      </object_component>
      <object_component id="oc-263">
         <name>.debug_info</name>
         <load_address>0x5d92</load_address>
         <run_address>0x5d92</run_address>
         <size>0xee</size>
         <input_file_ref idref="fl-a"/>
      </object_component>
      <object_component id="oc-1b7">
         <name>.debug_info</name>
         <load_address>0x5e80</load_address>
         <run_address>0x5e80</run_address>
         <size>0x1df</size>
         <input_file_ref idref="fl-a"/>
      </object_component>
      <object_component id="oc-1b1">
         <name>.debug_info</name>
         <load_address>0x605f</load_address>
         <run_address>0x605f</run_address>
         <size>0x1df</size>
         <input_file_ref idref="fl-a"/>
      </object_component>
      <object_component id="oc-1ab">
         <name>.debug_info</name>
         <load_address>0x623e</load_address>
         <run_address>0x623e</run_address>
         <size>0x1df</size>
         <input_file_ref idref="fl-a"/>
      </object_component>
      <object_component id="oc-40c">
         <name>.debug_info</name>
         <load_address>0x641d</load_address>
         <run_address>0x641d</run_address>
         <size>0x226</size>
         <input_file_ref idref="fl-a"/>
      </object_component>
      <object_component id="oc-386">
         <name>.debug_info</name>
         <load_address>0x6643</load_address>
         <run_address>0x6643</run_address>
         <size>0x1d6</size>
         <input_file_ref idref="fl-a"/>
      </object_component>
      <object_component id="oc-34f">
         <name>.debug_info</name>
         <load_address>0x6819</load_address>
         <run_address>0x6819</run_address>
         <size>0x1d4</size>
         <input_file_ref idref="fl-a"/>
      </object_component>
      <object_component id="oc-1a5">
         <name>.debug_info</name>
         <load_address>0x69ed</load_address>
         <run_address>0x69ed</run_address>
         <size>0x1e1</size>
         <input_file_ref idref="fl-a"/>
      </object_component>
      <object_component id="oc-349">
         <name>.debug_info</name>
         <load_address>0x6bce</load_address>
         <run_address>0x6bce</run_address>
         <size>0x1d9</size>
         <input_file_ref idref="fl-a"/>
      </object_component>
      <object_component id="oc-4de">
         <name>.debug_info</name>
         <load_address>0x6da7</load_address>
         <run_address>0x6da7</run_address>
         <size>0x153</size>
         <input_file_ref idref="fl-d"/>
      </object_component>
      <object_component id="oc-1c8">
         <name>.debug_info</name>
         <load_address>0x6efa</load_address>
         <run_address>0x6efa</run_address>
         <size>0x1d0</size>
         <input_file_ref idref="fl-d"/>
      </object_component>
      <object_component id="oc-4a8">
         <name>.debug_info</name>
         <load_address>0x70ca</load_address>
         <run_address>0x70ca</run_address>
         <size>0x1d2</size>
         <input_file_ref idref="fl-d"/>
      </object_component>
      <object_component id="oc-429">
         <name>.debug_info</name>
         <load_address>0x729c</load_address>
         <run_address>0x729c</run_address>
         <size>0x1bc</size>
         <input_file_ref idref="fl-d"/>
      </object_component>
      <object_component id="oc-420">
         <name>.debug_info</name>
         <load_address>0x7458</load_address>
         <run_address>0x7458</run_address>
         <size>0x1dd</size>
         <input_file_ref idref="fl-d"/>
      </object_component>
      <object_component id="oc-42f">
         <name>.debug_info</name>
         <load_address>0x7635</load_address>
         <run_address>0x7635</run_address>
         <size>0x1e5</size>
         <input_file_ref idref="fl-d"/>
      </object_component>
      <object_component id="oc-2e8">
         <name>.debug_info</name>
         <load_address>0x781a</load_address>
         <run_address>0x781a</run_address>
         <size>0x176</size>
         <input_file_ref idref="fl-e"/>
      </object_component>
      <object_component id="oc-2ed">
         <name>.debug_info</name>
         <load_address>0x7990</load_address>
         <run_address>0x7990</run_address>
         <size>0x17b</size>
         <input_file_ref idref="fl-11"/>
      </object_component>
      <object_component id="oc-2db">
         <name>.debug_info</name>
         <load_address>0x7b0b</load_address>
         <run_address>0x7b0b</run_address>
         <size>0x185</size>
         <input_file_ref idref="fl-11"/>
      </object_component>
      <object_component id="oc-2e1">
         <name>.debug_info</name>
         <load_address>0x7c90</load_address>
         <run_address>0x7c90</run_address>
         <size>0x1f2</size>
         <input_file_ref idref="fl-11"/>
      </object_component>
      <object_component id="oc-3ac">
         <name>.debug_info</name>
         <load_address>0x7e82</load_address>
         <run_address>0x7e82</run_address>
         <size>0x179</size>
         <input_file_ref idref="fl-11"/>
      </object_component>
      <object_component id="oc-1bf">
         <name>.debug_info</name>
         <load_address>0x7ffb</load_address>
         <run_address>0x7ffb</run_address>
         <size>0x5d1</size>
         <input_file_ref idref="fl-12"/>
      </object_component>
      <object_component id="oc-426">
         <name>.debug_info</name>
         <load_address>0x85cc</load_address>
         <run_address>0x85cc</run_address>
         <size>0xdb</size>
         <input_file_ref idref="fl-12"/>
      </object_component>
      <object_component id="oc-12e">
         <name>.debug_info</name>
         <load_address>0x86a7</load_address>
         <run_address>0x86a7</run_address>
         <size>0x141</size>
         <input_file_ref idref="fl-12"/>
      </object_component>
      <object_component id="oc-3cc">
         <name>.debug_info</name>
         <load_address>0x87e8</load_address>
         <run_address>0x87e8</run_address>
         <size>0x15d</size>
         <input_file_ref idref="fl-12"/>
      </object_component>
      <object_component id="oc-367">
         <name>.debug_info</name>
         <load_address>0x8945</load_address>
         <run_address>0x8945</run_address>
         <size>0x1ad</size>
         <input_file_ref idref="fl-12"/>
      </object_component>
      <object_component id="oc-3c6">
         <name>.debug_info</name>
         <load_address>0x8af2</load_address>
         <run_address>0x8af2</run_address>
         <size>0x13a</size>
         <input_file_ref idref="fl-12"/>
      </object_component>
      <object_component id="oc-3c0">
         <name>.debug_info</name>
         <load_address>0x8c2c</load_address>
         <run_address>0x8c2c</run_address>
         <size>0x5d8</size>
         <input_file_ref idref="fl-12"/>
      </object_component>
      <object_component id="oc-1d2">
         <name>.debug_info</name>
         <load_address>0x9204</load_address>
         <run_address>0x9204</run_address>
         <size>0x6d9</size>
         <input_file_ref idref="fl-13"/>
      </object_component>
      <object_component id="oc-134">
         <name>.debug_info</name>
         <load_address>0x98dd</load_address>
         <run_address>0x98dd</run_address>
         <size>0x252</size>
         <input_file_ref idref="fl-13"/>
      </object_component>
      <object_component id="oc-2d4">
         <name>.debug_info</name>
         <load_address>0x9b2f</load_address>
         <run_address>0x9b2f</run_address>
         <size>0x17d</size>
         <input_file_ref idref="fl-13"/>
      </object_component>
      <object_component id="oc-20a">
         <name>.debug_info</name>
         <load_address>0x9cac</load_address>
         <run_address>0x9cac</run_address>
         <size>0x52f</size>
[...]
      </symbol>
      <symbol id="sm-468">
         <name>__mspabi_sral_11</name>
         <value>0xa3f6</value>
         <object_component_ref idref="oc-4f7"/>
      </symbol>
      <symbol id="sm-469">
         <name>__mspabi_sral_10</name>
         <value>0xa3fa</value>
         <object_component_ref idref="oc-4f7"/>
      </symbol>
      <symbol id="sm-46a">
         <name>__mspabi_sral_8</name>
         <value>0xa402</value>
         <object_component_ref idref="oc-4f7"/>
      </symbol>
      <symbol id="sm-46b">
         <name>__mspabi_sral_9</name>
         <value>0xa3fe</value>
         <object_component_ref idref="oc-4f7"/>
      </symbol>
      <symbol id="sm-46c">
         <name>__mspabi_sral_6</name>
         <value>0xa40a</value>
         <object_component_ref idref="oc-4f7"/>
      </symbol>
      <symbol id="sm-46d">
         <name>__mspabi_sral_7</name>
         <value>0xa406</value>
         <object_component_ref idref="oc-4f7"/>
      </symbol>
      <symbol id="sm-46e">
         <name>__mspabi_sral_4</name>
         <value>0xa412</value>
         <object_component_ref idref="oc-4f7"/>
      </symbol>
      <symbol id="sm-46f">
         <name>__mspabi_sral_5</name>
         <value>0xa40e</value>
         <object_component_ref idref="oc-4f7"/>
      </symbol>
      <symbol id="sm-470">
         <name>__mspabi_sral_2</name>
         <value>0xa41a</value>
         <object_component_ref idref="oc-4f7"/>
      </symbol>
      <symbol id="sm-471">
         <name>__mspabi_sral_3</name>
         <value>0xa416</value>
         <object_component_ref idref="oc-4f7"/>
      </symbol>
      <symbol id="sm-472">
         <name>__mspabi_sral_1</name>
         <value>0xa41e</value>
         <object_component_ref idref="oc-4f7"/>
      </symbol>
      <symbol id="sm-47e">
         <name>__mspabi_remi</name>
         <value>0xa580</value>
         <object_component_ref idref="oc-2c4"/>
      </symbol>
      <symbol id="sm-47f">
         <name>__mspabi_divi</name>
         <value>0xa580</value>
         <object_component_ref idref="oc-2c4"/>
      </symbol>
      <symbol id="sm-489">
         <name>__mspabi_remu</name>
         <value>0xa86a</value>
         <object_component_ref idref="oc-2b9"/>
      </symbol>
      <symbol id="sm-48a">
         <name>__mspabi_divu</name>
         <value>0xa86a</value>
         <object_component_ref idref="oc-2b9"/>
      </symbol>
      <symbol id="sm-498">
         <name>__mspabi_remul</name>
         <value>0xa1a0</value>
         <object_component_ref idref="oc-3ba"/>
      </symbol>
      <symbol id="sm-499">
         <name>__mspabi_divul</name>
         <value>0xa1a0</value>
         <object_component_ref idref="oc-3ba"/>
      </symbol>
      <symbol id="sm-4a2">
         <name>__mspabi_func_epilog_2</name>
         <value>0xa966</value>
         <object_component_ref idref="oc-ff"/>
      </symbol>
      <symbol id="sm-4a3">
         <name>__mspabi_func_epilog_3</name>
         <value>0xa964</value>
         <object_component_ref idref="oc-ff"/>
      </symbol>
      <symbol id="sm-4a4">
         <name>__mspabi_func_epilog_1</name>
         <value>0xa968</value>
         <object_component_ref idref="oc-ff"/>
      </symbol>
      <symbol id="sm-4a5">
         <name>__mspabi_func_epilog_6</name>
         <value>0xa95e</value>
         <object_component_ref idref="oc-ff"/>
      </symbol>
      <symbol id="sm-4a6">
         <name>__mspabi_func_epilog_7</name>
         <value>0xa95c</value>
         <object_component_ref idref="oc-ff"/>
      </symbol>
      <symbol id="sm-4a7">
         <name>__mspabi_func_epilog_4</name>
         <value>0xa962</value>
         <object_component_ref idref="oc-ff"/>
      </symbol>
      <symbol id="sm-4a8">
         <name>__mspabi_func_epilog_5</name>
         <value>0xa960</value>
         <object_component_ref idref="oc-ff"/>
      </symbol>
      <symbol id="sm-4c3">
         <name>__mspabi_subf</name>
         <value>0x9730</value>
         <object_component_ref idref="oc-4e8"/>
      </symbol>
      <symbol id="sm-4c4">
         <name>__mspabi_addf</name>
         <value>0x9736</value>
         <object_component_ref idref="oc-4e8"/>
      </symbol>
      <symbol id="sm-4d4">
         <name>__mspabi_cmpf</name>
         <value>0xa244</value>
         <object_component_ref idref="oc-486"/>
      </symbol>
      <symbol id="sm-4e6">
         <name>__mspabi_divf</name>
         <value>0x9c32</value>
         <object_component_ref idref="oc-468"/>
      </symbol>
      <symbol id="sm-4f5">
         <name>__mspabi_fltlif</name>
         <value>0xa28e</value>
         <object_component_ref idref="oc-48b"/>
      </symbol>
      <symbol id="sm-50c">
         <name>__mspabi_mpyf</name>
         <value>0x9a10</value>
         <object_component_ref idref="oc-497"/>
      </symbol>
      <symbol id="sm-51b">
         <name>__mspabi_fixfu</name>
         <value>0xa31e</value>
         <object_component_ref idref="oc-491"/>
      </symbol>
      <symbol id="sm-527">
         <name>__mspabi_fltulf</name>
         <value>0xa498</value>
         <object_component_ref idref="oc-462"/>
      </symbol>
      <symbol id="sm-532">
         <name>__mspabi_fltuf</name>
         <value>0xa6b6</value>
         <object_component_ref idref="oc-458"/>
      </symbol>
      <symbol id="sm-535">
         <name>__TI_int05</name>
         <value>0xffea</value>
         <object_component_ref idref="oc-3e"/>
      </symbol>
      <symbol id="sm-538">
         <name>__TI_int06</name>
         <value>0xffec</value>
         <object_component_ref idref="oc-3f"/>
      </symbol>
      <symbol id="sm-53b">
         <name>__TI_int11</name>
         <value>0xfff6</value>
         <object_component_ref idref="oc-44"/>
      </symbol>
      <symbol id="sm-53e">
         <name>__TI_int12</name>
         <value>0xfff8</value>
         <object_component_ref idref="oc-45"/>
      </symbol>
      <symbol id="sm-541">
         <name>__TI_int13</name>
         <value>0xfffa</value>
         <object_component_ref idref="oc-46"/>
      </symbol>
      <symbol id="sm-544">
         <name>__TI_int14</name>
         <value>0xfffc</value>
         <object_component_ref idref="oc-47"/>
      </symbol>
      <symbol id="sm-54c">
         <name>__TI_ISR_TRAP</name>
         <value>0xa992</value>
         <object_component_ref idref="oc-128"/>
      </symbol>
      <symbol id="sm-554">
         <name>__mspabi_slli</name>
         <value>0xa5ac</value>
         <object_component_ref idref="oc-f5"/>
      </symbol>
      <symbol id="sm-555">
         <name>__mspabi_slli_9</name>
         <value>0xa5c4</value>
         <object_component_ref idref="oc-f5"/>
      </symbol>
      <symbol id="sm-556">
         <name>__mspabi_slli_8</name>
         <value>0xa5c6</value>
         <object_component_ref idref="oc-f5"/>
      </symbol>
      <symbol id="sm-557">
         <name>__mspabi_slli_7</name>
         <value>0xa5c8</value>
         <object_component_ref idref="oc-f5"/>
      </symbol>
      <symbol id="sm-558">
         <name>__mspabi_slli_6</name>
         <value>0xa5ca</value>
         <object_component_ref idref="oc-f5"/>
      </symbol>
      <symbol id="sm-559">
         <name>__mspabi_slli_5</name>
         <value>0xa5cc</value>
         <object_component_ref idref="oc-f5"/>
      </symbol>
      <symbol id="sm-55a">
         <name>__mspabi_slli_4</name>
         <value>0xa5ce</value>
         <object_component_ref idref="oc-f5"/>
      </symbol>
      <symbol id="sm-55b">
         <name>__mspabi_slli_3</name>
         <value>0xa5d0</value>
         <object_component_ref idref="oc-f5"/>
      </symbol>
      <symbol id="sm-55c">
         <name>__mspabi_slli_2</name>
         <value>0xa5d2</value>
         <object_component_ref idref="oc-f5"/>
      </symbol>
      <symbol id="sm-55d">
         <name>__mspabi_slli_1</name>
         <value>0xa5d4</value>
         <object_component_ref idref="oc-f5"/>
      </symbol>
      <symbol id="sm-55e">
         <name>__mspabi_slli_15</name>
         <value>0xa5b8</value>
         <object_component_ref idref="oc-f5"/>
      </symbol>
      <symbol id="sm-55f">
         <name>__mspabi_slli_14</name>
         <value>0xa5ba</value>
         <object_component_ref idref="oc-f5"/>
      </symbol>
      <symbol id="sm-560">
         <name>__mspabi_slli_13</name>
         <value>0xa5bc</value>
         <object_component_ref idref="oc-f5"/>
      </symbol>
      <symbol id="sm-561">
         <name>__mspabi_slli_12</name>
         <value>0xa5be</value>
         <object_component_ref idref="oc-f5"/>
      </symbol>
      <symbol id="sm-562">
         <name>__mspabi_slli_11</name>
         <value>0xa5c0</value>
         <object_component_ref idref="oc-f5"/>
      </symbol>
      <symbol id="sm-563">
         <name>__mspabi_slli_10</name>
         <value>0xa5c2</value>
         <object_component_ref idref="oc-f5"/>
      </symbol>
      <symbol id="sm-56b">
         <name>__mspabi_slll_9</name>
         <value>0xa43c</value>
         <object_component_ref idref="oc-510"/>
      </symbol>
      <symbol id="sm-56c">
         <name>__mspabi_slll_8</name>
         <value>0xa440</value>
         <object_component_ref idref="oc-510"/>
      </symbol>
      <symbol id="sm-56d">
         <name>__mspabi_slll_7</name>
         <value>0xa444</value>
         <object_component_ref idref="oc-510"/>
      </symbol>
      <symbol id="sm-56e">
         <name>__mspabi_slll_6</name>
         <value>0xa448</value>
         <object_component_ref idref="oc-510"/>
      </symbol>
      <symbol id="sm-56f">
         <name>__mspabi_slll_5</name>
         <value>0xa44c</value>
         <object_component_ref idref="oc-510"/>
      </symbol>
      <symbol id="sm-570">
         <name>__mspabi_slll_4</name>
         <value>0xa450</value>
         <object_component_ref idref="oc-510"/>
      </symbol>
      <symbol id="sm-571">
         <name>__mspabi_slll_3</name>
         <value>0xa454</value>
         <object_component_ref idref="oc-510"/>
      </symbol>
      <symbol id="sm-572">
         <name>__mspabi_slll_2</name>
         <value>0xa458</value>
         <object_component_ref idref="oc-510"/>
      </symbol>
      <symbol id="sm-573">
         <name>__mspabi_slll_1</name>
         <value>0xa45c</value>
         <object_component_ref idref="oc-510"/>
      </symbol>
      <symbol id="sm-574">
         <name>__mspabi_slll_15</name>
         <value>0xa424</value>
         <object_component_ref idref="oc-510"/>
      </symbol>
      <symbol id="sm-575">
         <name>__mspabi_slll_14</name>
         <value>0xa428</value>
         <object_component_ref idref="oc-510"/>
      </symbol>
      <symbol id="sm-576">
         <name>__mspabi_slll_13</name>
         <value>0xa42c</value>
         <object_component_ref idref="oc-510"/>
      </symbol>
      <symbol id="sm-577">
         <name>__mspabi_slll_12</name>
         <value>0xa430</value>
         <object_component_ref idref="oc-510"/>
      </symbol>
      <symbol id="sm-578">
         <name>__mspabi_slll_11</name>
         <value>0xa434</value>
         <object_component_ref idref="oc-510"/>
      </symbol>
      <symbol id="sm-579">
         <name>__mspabi_slll_10</name>
         <value>0xa438</value>
         <object_component_ref idref="oc-510"/>
      </symbol>
      <symbol id="sm-581">
         <name>__mspabi_srli_8</name>
         <value>0xa222</value>
         <object_component_ref idref="oc-fa"/>
      </symbol>
      <symbol id="sm-582">
         <name>__mspabi_srli_9</name>
         <value>0xa21e</value>
         <object_component_ref idref="oc-fa"/>
      </symbol>
      <symbol id="sm-583">
         <name>__mspabi_srli_6</name>
         <value>0xa22a</value>
         <object_component_ref idref="oc-fa"/>
      </symbol>
      <symbol id="sm-584">
         <name>__mspabi_srli_7</name>
         <value>0xa226</value>
         <object_component_ref idref="oc-fa"/>
      </symbol>
      <symbol id="sm-585">
         <name>__mspabi_srli_4</name>
         <value>0xa232</value>
         <object_component_ref idref="oc-fa"/>
      </symbol>
      <symbol id="sm-586">
         <name>__mspabi_srli_5</name>
         <value>0xa22e</value>
         <object_component_ref idref="oc-fa"/>
      </symbol>
      <symbol id="sm-587">
         <name>__mspabi_srli_2</name>
         <value>0xa23a</value>
         <object_component_ref idref="oc-fa"/>
      </symbol>
      <symbol id="sm-588">
         <name>__mspabi_srli_3</name>
         <value>0xa236</value>
         <object_component_ref idref="oc-fa"/>
      </symbol>
      <symbol id="sm-589">
         <name>__mspabi_srli_1</name>
         <value>0xa23e</value>
         <object_component_ref idref="oc-fa"/>
      </symbol>
      <symbol id="sm-58a">
         <name>__mspabi_srli</name>
         <value>0xa1f8</value>
         <object_component_ref idref="oc-fa"/>
      </symbol>
      <symbol id="sm-58b">
         <name>__mspabi_srli_15</name>
         <value>0xa206</value>
         <object_component_ref idref="oc-fa"/>
      </symbol>
      <symbol id="sm-58c">
         <name>__mspabi_srli_14</name>
         <value>0xa20a</value>
         <object_component_ref idref="oc-fa"/>
      </symbol>
      <symbol id="sm-58d">
         <name>__mspabi_srli_13</name>
         <value>0xa20e</value>
         <object_component_ref idref="oc-fa"/>
      </symbol>
      <symbol id="sm-58e">
         <name>__mspabi_srli_12</name>
         <value>0xa212</value>
         <object_component_ref idref="oc-fa"/>
      </symbol>
      <symbol id="sm-58f">
         <name>__mspabi_srli_11</name>
         <value>0xa216</value>
         <object_component_ref idref="oc-fa"/>
      </symbol>
      <symbol id="sm-590">
         <name>__mspabi_srli_10</name>
         <value>0xa21a</value>
         <object_component_ref idref="oc-fa"/>
      </symbol>
      <symbol id="sm-599">
         <name>__mspabi_mpyi_hw</name>
         <value>0xa8a8</value>
         <object_component_ref idref="oc-2b4"/>
      </symbol>
      <symbol id="sm-5a3">
         <name>__mspabi_mpyl_hw</name>
         <value>0xa526</value>
         <object_component_ref idref="oc-45d"/>
      </symbol>
      <symbol id="sm-5b5">
         <name>_stack</name>
         <value>0x9b0</value>
         <object_component_ref idref="oc-f1"/>
      </symbol>
      <symbol id="sm-5b6">
         <name>_c_int00_noargs</name>
         <value>0xa778</value>
         <object_component_ref idref="oc-157"/>
      </symbol>
      <symbol id="sm-5b7">
         <name>_reset_vector</name>
         <value>0xfffe</value>
         <object_component_ref idref="oc-f4"/>
      </symbol>
      <symbol id="sm-5d9">
         <name>__TI_auto_init_nobinit_nopinit</name>
         <value>0xa364</value>
         <object_component_ref idref="oc-30c"/>
      </symbol>
      <symbol id="sm-5f1">
         <name>__TI_zero_init_nomemset</name>
         <value>0xa894</value>
         <object_component_ref idref="oc-145"/>
      </symbol>
      <symbol id="sm-5fd">
         <name>_system_post_cinit</name>
         <value>0xa9c4</value>
         <object_component_ref idref="oc-3e4"/>
      </symbol>
      <symbol id="sm-613">
         <name>__TI_decompress_none</name>
         <value>0xa928</value>
         <object_component_ref idref="oc-36"/>
      </symbol>
      <symbol id="sm-636">
         <name>__TI_decompress_lzss</name>
         <value>0x9f86</value>
         <object_component_ref idref="oc-30"/>
      </symbol>
      <symbol id="sm-64e">
         <name>__mspabi_cvtdf</name>
         <value>0x9d64</value>
         <object_component_ref idref="oc-47f"/>
      </symbol>
      <symbol id="sm-66d">
         <name>__mspabi_cmpd</name>
         <value>0x9862</value>
         <object_component_ref idref="oc-49d"/>
      </symbol>
      <symbol id="sm-67e">
         <name>__mspabi_cvtfd</name>
         <value>0xa002</value>
         <object_component_ref idref="oc-473"/>
      </symbol>
      <symbol id="sm-6a0">
         <name>__mspabi_mpyd</name>
         <value>0x8c8e</value>
         <object_component_ref idref="oc-479"/>
      </symbol>
      <symbol id="sm-6aa">
         <name>C$$EXIT</name>
         <value>0xa9be</value>
         <object_component_ref idref="oc-300"/>
      </symbol>
      <symbol id="sm-6ab">
         <name>abort</name>
         <value>0xa9be</value>
         <object_component_ref idref="oc-300"/>
      </symbol>
      <symbol id="sm-6bb">
         <name>memcpy</name>
         <value>0xa93a</value>
         <object_component_ref idref="oc-10f"/>
      </symbol>
      <symbol id="sm-6c2">
         <name>errno</name>
         <value>0x57a</value>
         <object_component_ref idref="oc-4ed"/>
      </symbol>
      <symbol id="sm-6d3">
         <name>__TI_frcmpyd</name>
         <value>0x8a08</value>
         <object_component_ref idref="oc-503"/>
      </symbol>
      <symbol id="sm-6db">
         <name>__mspabi_srll_8</name>
         <value>0xa16e</value>
         <object_component_ref idref="oc-53a"/>
      </symbol>
      <symbol id="sm-6dc">
         <name>__mspabi_srll_9</name>
         <value>0xa168</value>
         <object_component_ref idref="oc-53a"/>
      </symbol>
      <symbol id="sm-6dd">
         <name>__mspabi_srll_6</name>
         <value>0xa17a</value>
         <object_component_ref idref="oc-53a"/>
      </symbol>
      <symbol id="sm-6de">
         <name>__mspabi_srll_7</name>
         <value>0xa174</value>
         <object_component_ref idref="oc-53a"/>
      </symbol>
      <symbol id="sm-6df">
         <name>__mspabi_srll_4</name>
         <value>0xa186</value>
         <object_component_ref idref="oc-53a"/>
      </symbol>
      <symbol id="sm-6e0">
         <name>__mspabi_srll_5</name>
         <value>0xa180</value>
         <object_component_ref idref="oc-53a"/>
      </symbol>
      <symbol id="sm-6e1">
         <name>__mspabi_srll_2</name>
         <value>0xa192</value>
         <object_component_ref idref="oc-53a"/>
      </symbol>
      <symbol id="sm-6e2">
         <name>__mspabi_srll_3</name>
         <value>0xa18c</value>
         <object_component_ref idref="oc-53a"/>
      </symbol>
      <symbol id="sm-6e3">
         <name>__mspabi_srll_1</name>
         <value>0xa198</value>
         <object_component_ref idref="oc-53a"/>
      </symbol>
      <symbol id="sm-6e4">
         <name>__mspabi_srll_15</name>
         <value>0xa144</value>
         <object_component_ref idref="oc-53a"/>
      </symbol>
      <symbol id="sm-6e5">
         <name>__mspabi_srll_14</name>
         <value>0xa14a</value>
         <object_component_ref idref="oc-53a"/>
      </symbol>
      <symbol id="sm-6e6">
         <name>__mspabi_srll_13</name>
         <value>0xa150</value>
         <object_component_ref idref="oc-53a"/>
      </symbol>
      <symbol id="sm-6e7">
         <name>__mspabi_srll_12</name>
         <value>0xa156</value>
         <object_component_ref idref="oc-53a"/>
      </symbol>
      <symbol id="sm-6e8">
         <name>__mspabi_srll_11</name>
         <value>0xa15c</value>
         <object_component_ref idref="oc-53a"/>
      </symbol>
      <symbol id="sm-6e9">
         <name>__mspabi_srll_10</name>
         <value>0xa162</value>
         <object_component_ref idref="oc-53a"/>
      </symbol>
   </symbol_table>
   <title>Link successful</title>
</link_info>
